Component: ARM Compiler 5.05 update 1 (build 106) Tool: armlink [4d0efa]

==============================================================================

Section Cross References

    system_stm32f10x.o(.text) refers to system_stm32f10x.o(.data) for .data
    startup_stm32f10x_md.o(STACK) refers (Special) to heapauxi.o(.text) for __use_two_region_memory
    startup_stm32f10x_md.o(HEAP) refers (Special) to heapauxi.o(.text) for __use_two_region_memory
    startup_stm32f10x_md.o(RESET) refers (Special) to heapauxi.o(.text) for __use_two_region_memory
    startup_stm32f10x_md.o(RESET) refers to startup_stm32f10x_md.o(STACK) for __initial_sp
    startup_stm32f10x_md.o(RESET) refers to startup_stm32f10x_md.o(.text) for Reset_Handler
    startup_stm32f10x_md.o(RESET) refers to stm32f10x_it.o(.text) for NMI_Handler
    startup_stm32f10x_md.o(RESET) refers to project.o(.text) for PVD_IRQHandler
    startup_stm32f10x_md.o(RESET) refers to main.o(.text) for TIM2_IRQHandler
    startup_stm32f10x_md.o(.text) refers (Special) to heapauxi.o(.text) for __use_two_region_memory
    startup_stm32f10x_md.o(.text) refers to system_stm32f10x.o(.text) for SystemInit
    startup_stm32f10x_md.o(.text) refers to __main.o(!!!main) for __main
    startup_stm32f10x_md.o(.text) refers to startup_stm32f10x_md.o(HEAP) for Heap_Mem
    startup_stm32f10x_md.o(.text) refers to startup_stm32f10x_md.o(STACK) for Stack_Mem
    stm32f10x_rcc.o(.text) refers to stm32f10x_rcc.o(.data) for .data
    stm32f10x_usart.o(.text) refers to stm32f10x_rcc.o(.text) for RCC_APB2PeriphResetCmd
    stm32f10x_gpio.o(.text) refers to stm32f10x_rcc.o(.text) for RCC_APB2PeriphResetCmd
    stm32f10x_tim.o(.text) refers to stm32f10x_rcc.o(.text) for RCC_APB1PeriphResetCmd
    stm32f10x_adc.o(.text) refers to stm32f10x_rcc.o(.text) for RCC_APB2PeriphResetCmd
    stm32f10x_dac.o(.text) refers to stm32f10x_rcc.o(.text) for RCC_APB1PeriphResetCmd
    stm32f10x_pwr.o(.text) refers to stm32f10x_rcc.o(.text) for RCC_APB1PeriphResetCmd
    usart.o(.text) refers to stm32f10x_rcc.o(.text) for RCC_APB2PeriphClockCmd
    usart.o(.text) refers to stm32f10x_gpio.o(.text) for GPIO_Init
    usart.o(.text) refers to stm32f10x_usart.o(.text) for USART_Init
    usart.o(.text) refers to rt_memclr_w.o(.text) for __aeabi_memclr4
    delay.o(.text) refers to misc.o(.text) for SysTick_CLKSourceConfig
    delay.o(.text) refers to delay.o(.data) for .data
    display.o(.text) refers to display.o(.bss) for .bss
    display.o(.text) refers to project.o(.data) for KEY
    display.o(.text) refers to display.o(.constdata) for .constdata
    display.o(.text) refers to display.o(.data) for .data
    display.o(.text) refers to stm32f10x_gpio.o(.text) for GPIO_ReadInputDataBit
    display.o(.text) refers to project.o(.data) for EventFlag
    key.o(.text) refers to stm32f10x_gpio.o(.text) for GPIO_Init
    key.o(.text) refers to key.o(.bss) for .bss
    menu.o(.text) refers to display.o(.text) for SMG_DisplayMenuTwo_SHOT
    menu.o(.text) refers to flash.o(.text) for WriteFlash
    menu.o(.text) refers to project.o(.data) for EventFlag
    menu.o(.text) refers to key.o(.bss) for UpButton
    menu.o(.text) refers to menu.o(.data) for .data
    menu.o(.text) refers to project.o(.data) for tempPress
    menu.o(.text) refers to project.o(.data) for DX_Flag
    flash.o(.text) refers to stm32f10x_flash.o(.text) for FLASH_Unlock
    flash.o(.text) refers to flash.o(.data) for .data
    selfstudy.o(.text) refers to ffixu.o(x$fpl$ffixu) for __aeabi_f2uiz
    selfstudy.o(.text) refers to ffix.o(x$fpl$ffix) for __aeabi_f2iz
    selfstudy.o(.text) refers to display.o(.text) for SMG_DisplaySET_Step_2_Mode
    selfstudy.o(.text) refers to stm32f10x_gpio.o(.text) for GPIO_ReadInputDataBit
    selfstudy.o(.text) refers to flash.o(.text) for WriteFlash
    selfstudy.o(.text) refers to project.o(.text) for Get_S1_Value
    selfstudy.o(.text) refers to stm32f10x_dac.o(.text) for DAC_SetChannel1Data
    selfstudy.o(.text) refers to selfstudy.o(.data) for .data
    selfstudy.o(.text) refers to project.o(.data) for S_Total_Final
    selfstudy.o(.text) refers to project.o(.data) for EventFlag
    selfstudy.o(.text) refers to key.o(.bss) for SetButton
    selfstudy.o(.text) refers to project.o(.data) for DX_Flag
    main.o(.text) refers to stm32f10x_usart.o(.text) for USART_GetFlagStatus
    main.o(.text) refers to stm32f10x_tim.o(.text) for TIM_GetITStatus
    main.o(.text) refers to display.o(.text) for SMG_Diplay
    main.o(.text) refers to key.o(.text) for Key_Scan
    main.o(.text) refers to project.o(.text) for GetTotalADCValue
    main.o(.text) refers to bsp_init.o(.text) for RCC_Configuration
    main.o(.text) refers to stm32f10x_pwr.o(.text) for PWR_PVDLevelConfig
    main.o(.text) refers to stm32f10x_rcc.o(.text) for RCC_GetClocksFreq
    main.o(.text) refers to flash.o(.text) for ReadFlash
    main.o(.text) refers to stm32f10x_iwdg.o(.text) for IWDG_WriteAccessCmd
[...]
    .ARM.Collect$$libshutdown$$0000000E      0x080001a6   Section        0  libshutdown2.o(.ARM.Collect$$libshutdown$$0000000E)
    .ARM.Collect$$libshutdown$$0000000F      0x080001a6   Section        2  libshutdown2.o(.ARM.Collect$$libshutdown$$0000000F)
    .ARM.Collect$$rtentry$$00000000          0x080001a8   Section        0  __rtentry.o(.ARM.Collect$$rtentry$$00000000)
    .ARM.Collect$$rtentry$$00000002          0x080001a8   Section        0  __rtentry2.o(.ARM.Collect$$rtentry$$00000002)
    .ARM.Collect$$rtentry$$00000004          0x080001a8   Section        6  __rtentry4.o(.ARM.Collect$$rtentry$$00000004)
    .ARM.Collect$$rtentry$$00000009          0x080001ae   Section        0  __rtentry2.o(.ARM.Collect$$rtentry$$00000009)
    .ARM.Collect$$rtentry$$0000000A          0x080001ae   Section        4  __rtentry2.o(.ARM.Collect$$rtentry$$0000000A)
    .ARM.Collect$$rtentry$$0000000C          0x080001b2   Section        0  __rtentry2.o(.ARM.Collect$$rtentry$$0000000C)
    .ARM.Collect$$rtentry$$0000000D          0x080001b2   Section        8  __rtentry2.o(.ARM.Collect$$rtentry$$0000000D)
    .ARM.Collect$$rtexit$$00000000           0x080001ba   Section        2  rtexit.o(.ARM.Collect$$rtexit$$00000000)
    .ARM.Collect$$rtexit$$00000002           0x080001bc   Section        0  rtexit2.o(.ARM.Collect$$rtexit$$00000002)
    .ARM.Collect$$rtexit$$00000003           0x080001bc   Section        4  rtexit2.o(.ARM.Collect$$rtexit$$00000003)
    .ARM.Collect$$rtexit$$00000004           0x080001c0   Section        6  rtexit2.o(.ARM.Collect$$rtexit$$00000004)
    .text                                    0x080001c8   Section        0  system_stm32f10x.o(.text)
    SetSysClockTo24                          0x08000269   Thumb Code   130  system_stm32f10x.o(.text)
    .text                                    0x08000308   Section       64  startup_stm32f10x_md.o(.text)
    .text                                    0x08000348   Section        0  stm32f10x_rcc.o(.text)
    .text                                    0x08000620   Section        0  stm32f10x_usart.o(.text)
    .text                                    0x08000948   Section        0  stm32f10x_gpio.o(.text)
    .text                                    0x08000bb4   Section        0  misc.o(.text)
    .text                                    0x08000c64   Section        0  stm32f10x_flash.o(.text)
    .text                                    0x080010e0   Section        0  stm32f10x_tim.o(.text)
    TI2_Config                               0x08001473   Thumb Code   166  stm32f10x_tim.o(.text)
    TI1_Config                               0x08001529   Thumb Code    88  stm32f10x_tim.o(.text)
    .text                                    0x08001bd4   Section        0  stm32f10x_adc.o(.text)
    .text                                    0x08001f04   Section        0  stm32f10x_dma.o(.text)
    .text                                    0x080020cc   Section        0  stm32f10x_dac.o(.text)
    .text                                    0x08002220   Section        0  stm32f10x_exti.o(.text)
    .text                                    0x08002308   Section        0  stm32f10x_iwdg.o(.text)
    .text                                    0x08002344   Section        0  stm32f10x_pwr.o(.text)
    .text                                    0x080023f0   Section        0  stm32f10x_it.o(.text)
    .text                                    0x08002408   Section        0  display.o(.text)
    .text                                    0x080034a8   Section        0  key.o(.text)
    .text                                    0x0800372c   Section        0  menu.o(.text)
    .text                                    0x080046e8   Section        0  flash.o(.text)
    .text                                    0x08004814   Section        0  selfstudy.o(.text)
    .text                                    0x08004b18   Section        0  main.o(.text)
    .text                                    0x08004e58   Section        0  project.o(.text)
    .text                                    0x0800608c   Section        0  bsp_init.o(.text)
    .text                                    0x080068f0   Section        0  heapauxi.o(.text)
    .text                                    0x080068f6   Section       74  sys_stackheap_outer.o(.text)
    .text                                    0x08006940   Section        0  exit.o(.text)
    .text                                    0x0800694c   Section        8  libspace.o(.text)
    .text                                    0x08006954   Section        0  sys_exit.o(.text)
    .text                                    0x08006960   Section        2  use_no_semi.o(.text)
    .text                                    0x08006962   Section        0  indicate_semi.o(.text)
    x$fpl$fadd                               0x08006964   Section      196  faddsub_clz.o(x$fpl$fadd)
    _fadd1                                   0x08006973   Thumb Code     0  faddsub_clz.o(x$fpl$fadd)
    x$fpl$fcmpinf                            0x08006a28   Section       24  fcmpi.o(x$fpl$fcmpinf)
    x$fpl$ffix                               0x08006a40   Section       54  ffix.o(x$fpl$ffix)
    x$fpl$ffixu                              0x08006a78   Section       62  ffixu.o(x$fpl$ffixu)
    x$fpl$fflt                               0x08006ab8   Section       48  fflt_clz.o(x$fpl$fflt)
    x$fpl$fleqf                              0x08006ae8   Section      104  fleqf.o(x$fpl$fleqf)
    x$fpl$fnaninf                            0x08006b50   Section      140  fnaninf.o(x$fpl$fnaninf)
    x$fpl$fretinf                            0x08006bdc   Section       10  fretinf.o(x$fpl$fretinf)
    x$fpl$frleqf                             0x08006be6   Section       98  frleqf.o(x$fpl$frleqf)
    x$fpl$fsub                               0x08006c48   Section      234  faddsub_clz.o(x$fpl$fsub)
    _fsub1                                   0x08006c57   Thumb Code     0  faddsub_clz.o(x$fpl$fsub)
    .constdata                               0x08006d32   Section       98  display.o(.constdata)
    x$fpl$usenofp                            0x08006d32   Section        0  usenofp.o(x$fpl$usenofp)
    .data                                    0x20000000   Section       20  system_stm32f10x.o(.data)
    .data                                    0x20000014   Section       20  stm32f10x_rcc.o(.data)
    ADCPrescTable                            0x20000014   Data           4  stm32f10x_rcc.o(.data)
    APBAHBPrescTable                         0x20000018   Data          16  stm32f10x_rcc.o(.data)
    .data                                    0x20000028   Section       20  display.o(.data)
    Blinkflag                                0x20000029   Data           1  display.o(.data)
    Blinkflag                                0x2000002a   Data           1  display.o(.data)
    Blinkflag                                0x2000002b   Data           1  display.o(.data)
    Blinkflag                                0x2000002c   Data           1  display.o(.data)
    Blinkflag                                0x2000002d   Data           1  display.o(.data)
    Blinkflag                                0x2000002e   Data           1  display.o(.data)
    Blinkflag                                0x2000002f   Data           1  display.o(.data)
    Blinkflag                                0x20000030   Data           1  display.o(.data)
    Blinkflag                                0x20000031   Data           1  display.o(.data)
    bilinkflag                               0x20000032   Data           1  display.o(.data)
    bilinkflag                               0x20000033   Data           1  display.o(.data)
    .data                                    0x2000003c   Section       36  menu.o(.data)
    lastCounter                              0x2000003f   Data           1  menu.o(.data)
    lastCounter                              0x20000040   Data           1  menu.o(.data)
    lastCounter                              0x20000041   Data           1  menu.o(.data)
    lastCounter                              0x20000042   Data           1  menu.o(.data)
    lastCounter                              0x20000043   Data           1  menu.o(.data)
    lastCounter                              0x20000044   Data           1  menu.o(.data)
    lastCounter                              0x20000045   Data           1  menu.o(.data)
    lastCounter                              0x20000046   Data           1  menu.o(.data)
    lastCounter                              0x20000047   Data           1  menu.o(.data)
    lastCounter                              0x20000048   Data           1  menu.o(.data)
    .data                                    0x20000060   Section        4  flash.o(.data)
    .data                                    0x20000064   Section       28  selfstudy.o(.data)
    .data                                    0x20000080   Section       32  main.o(.data)
    .data                                    0x200000a0   Section        4  main.o(.data)
    .data                                    0x200000a4   Section      136  project.o(.data)
    lastCounter                              0x200000b7   Data           1  project.o(.data)
    lastCounter                              0x200000b8   Data           1  project.o(.data)
    lastCounter                              0x200000b9   Data           1  project.o(.data)
    lastCounter                              0x200000ba   Data           1  project.o(.data)
    LastThreshold                            0x200000cc   Data           2  project.o(.data)
    LastHIValue                              0x200000ce   Data           2  project.o(.data)
    LastLOValue                              0x200000d0   Data           2  project.o(.data)
    .data                                    0x2000012c   Section        1  project.o(.data)
    .data                                    0x2000012d   Section        1  project.o(.data)
    .bss                                     0x20000130   Section        9  display.o(.bss)
    .bss                                     0x2000013c   Section      128  key.o(.bss)
    .bss                                     0x200001bc   Section       32  main.o(.bss)
    .bss                                     0x200001dc   Section      128  project.o(.bss)
    .bss                                     0x2000025c   Section       32  bsp_init.o(.bss)
    .bss                                     0x2000027c   Section       96  libspace.o(.bss)
    HEAP                                     0x200002e0   Section      512  startup_stm32f10x_md.o(HEAP)
    Heap_Mem                                 0x200002e0   Data         512  startup_stm32f10x_md.o(HEAP)
    STACK                                    0x200004e0   Section     1024  startup_stm32f10x_md.o(STACK)
    Stack_Mem                                0x200004e0   Data        1024  startup_stm32f10x_md.o(STACK)
    __initial_sp                             0x200008e0   Data           0  startup_stm32f10x_md.o(STACK)

    Global Symbols

    Symbol Name                              Value     Ov Type        Size  Object(Section)

    BuildAttributes$$THM_ISAv4$P$D$K$B$S$PE$A:L22UL41UL21$X:L11$S22US41US21$IEEE1$IW$USESV6$~STKCKD$USESV7$~SHL$OSPACE$ROPI$EBA8$UX$STANDARDLIB$REQ8$PRES8$EABIv2 0x00000000   Number         0  anon$$obj.o ABSOLUTE
    __ARM_use_no_argv                        0x00000000   Number         0  main.o ABSOLUTE
    __ARM_exceptions_init                     - Undefined Weak Reference
    __alloca_initialize                       - Undefined Weak Reference
    __arm_preinit_                            - Undefined Weak Reference
    __cpp_initialize__aeabi_                  - Undefined Weak Reference
    __cxa_finalize                            - Undefined Weak Reference
    __rt_locale                               - Undefined Weak Reference
    __sigvec_lookup                           - Undefined Weak Reference
    _atexit_init                              - Undefined Weak Reference
    _call_atexit_fns                          - Undefined Weak Reference
    _clock_init                               - Undefined Weak Reference
    _fp_trap_init                             - Undefined Weak Reference
    _fp_trap_shutdown                         - Undefined Weak Reference
    _get_lc_collate                           - Undefined Weak Reference
    _get_lc_ctype                             - Undefined Weak Reference
    _get_lc_monetary                          - Undefined Weak Reference
    _get_lc_numeric                           - Undefined Weak Reference
    _get_lc_time                              - Undefined Weak Reference
    _getenv_init                              - Undefined Weak Reference
    _handle_redirection                       - Undefined Weak Reference
    _init_alloc                               - Undefined Weak Reference
    _init_user_alloc                          - Undefined Weak Reference
    _initio                                   - Undefined Weak Reference
    _rand_init                                - Undefined Weak Reference
    _signal_finish                            - Undefined Weak Reference
    _signal_init                              - Undefined Weak Reference
    _terminate_alloc                          - Undefined Weak Reference
    _terminate_user_alloc                     - Undefined Weak Reference
    _terminateio                              - Undefined Weak Reference
    __Vectors_Size                           0x000000ec   Number         0  startup_stm32f10x_md.o ABSOLUTE
    __Vectors                                0x08000000   Data           4  startup_stm32f10x_md.o(RESET)
    __Vectors_End                            0x080000ec   Data           0  startup_stm32f10x_md.o(RESET)
    __main                                   0x080000ed   Thumb Code     8  __main.o(!!!main)
    __scatterload                            0x080000f5   Thumb Code     0  __scatter.o(!!!scatter)
    __scatterload_rt2                        0x080000f5   Thumb Code    44  __scatter.o(!!!scatter)
    __scatterload_rt2_thumb_only             0x080000f5   Thumb Code     0  __scatter.o(!!!scatter)
    __scatterload_null                       0x08000103   Thumb Code     0  __scatter.o(!!!scatter)
    __decompress                             0x08000129   Thumb Code    90  __dczerorl2.o(!!dczerorl2)
    __decompress1                            0x08000129   Thumb Code     0  __dczerorl2.o(!!dczerorl2)
    __scatterload_zeroinit                   0x08000185   Thumb Code    28  __scatter_zi.o(!!handler_zi)
    __rt_lib_init                            0x080001a1   Thumb Code     0  libinit.o(.ARM.Collect$$libinit$$00000000)
    __rt_lib_init_alloca_1                   0x080001a3   Thumb Code     0  libinit2.o(.ARM.Collect$$libinit$$0000002E)
    __rt_lib_init_argv_1                     0x080001a3   Thumb Code     0  libinit2.o(.ARM.Collect$$libinit$$0000002C)
    __rt_lib_init_atexit_1                   0x080001a3   Thumb Code     0  libinit2.o(.ARM.Collect$$libinit$$0000001B)
    __rt_lib_init_clock_1                    0x080001a3   Thumb Code     0  libinit2.o(.ARM.Collect$$libinit$$00000021)
    __rt_lib_init_cpp_1                      0x080001a3   Thumb Code     0  libinit2.o(.ARM.Collect$$libinit$$00000032)
    __rt_lib_init_exceptions_1               0x080001a3   Thumb Code     0  libinit2.o(.ARM.Collect$$libinit$$00000030)
    __rt_lib_init_fp_1                       0x080001a3   Thumb Code     0  libinit2.o(.ARM.Collect$$libinit$$00000002)
    __rt_lib_init_fp_trap_1                  0x080001a3   Thumb Code     0  libinit2.o(.ARM.Collect$$libinit$$0000001F)
    __rt_lib_init_getenv_1                   0x080001a3   Thumb Code     0  libinit2.o(.ARM.Collect$$libinit$$00000023)
    __rt_lib_init_heap_1                     0x080001a3   Thumb Code     0  libinit2.o(.ARM.Collect$$libinit$$0000000A)
    __rt_lib_init_lc_collate_1               0x080001a3   Thumb Code     0  libinit2.o(.ARM.Collect$$libinit$$00000011)
    __rt_lib_init_lc_ctype_1                 0x080001a3   Thumb Code     0  libinit2.o(.ARM.Collect$$libinit$$00000013)
    __rt_lib_init_lc_monetary_1              0x080001a3   Thumb Code     0  libinit2.o(.ARM.Collect$$libinit$$00000015)
    __rt_lib_init_lc_numeric_1               0x080001a3   Thumb Code     0  libinit2.o(.ARM.Collect$$libinit$$00000017)
    __rt_lib_init_lc_time_1                  0x080001a3   Thumb Code     0  libinit2.o(.ARM.Collect$$libinit$$00000019)
    __rt_lib_init_preinit_1                  0x080001a3   Thumb Code     0  libinit2.o(.ARM.Collect$$libinit$$00000004)
    __rt_lib_init_rand_1                     0x080001a3   Thumb Code     0  libinit2.o(.ARM.Collect$$libinit$$0000000E)
    __rt_lib_init_return                     0x080001a3   Thumb Code     0  libinit2.o(.ARM.Collect$$libinit$$00000033)
    __rt_lib_init_signal_1                   0x080001a3   Thumb Code     0  libinit2.o(.ARM.Collect$$libinit$$0000001D)
    __rt_lib_init_stdio_1                    0x080001a3   Thumb Code     0  libinit2.o(.ARM.Collect$$libinit$$00000025)
    __rt_lib_init_user_alloc_1               0x080001a3   Thumb Code     0  libinit2.o(.ARM.Collect$$libinit$$0000000C)
    __rt_lib_shutdown                        0x080001a5   Thumb Code     0  libshutdown.o(.ARM.Collect$$libshutdown$$00000000)
    __rt_lib_shutdown_fp_trap_1              0x080001a7   Thumb Code     0  libshutdown2.o(.ARM.Collect$$libshutdown$$00000006)
    __rt_lib_shutdown_heap_1                 0x080001a7   Thumb Code     0  libshutdown2.o(.ARM.Collect$$libshutdown$$0000000E)
    __rt_lib_shutdown_return                 0x080001a7   Thumb Code     0  libshutdown2.o(.ARM.Collect$$libshutdown$$0000000F)
    __rt_lib_shutdown_signal_1               0x080001a7   Thumb Code     0  libshutdown2.o(.ARM.Collect$$libshutdown$$00000009)
    __rt_lib_shutdown_stdio_1                0x080001a7   Thumb Code     0  libshutdown2.o(.ARM.Collect$$libshutdown$$00000003)
    __rt_lib_shutdown_user_alloc_1           0x080001a7   Thumb Code     0  libshutdown2.o(.ARM.Collect$$libshutdown$$0000000B)
    __rt_entry                               0x080001a9   Thumb Code     0  __rtentry.o(.ARM.Collect$$rtentry$$00000000)
    __rt_entry_presh_1                       0x080001a9   Thumb Code     0  __rtentry2.o(.ARM.Collect$$rtentry$$00000002)
    __rt_entry_sh                            0x080001a9   Thumb Code     0  __rtentry4.o(.ARM.Collect$$rtentry$$00000004)
    __rt_entry_li                            0x080001af   Thumb Code     0  __rtentry2.o(.ARM.Collect$$rtentry$$0000000A)
    __rt_entry_postsh_1                      0x080001af   Thumb Code     0  __rtentry2.o(.ARM.Collect$$rtentry$$00000009)
    __rt_entry_main                          0x080001b3   Thumb Code     0  __rtentry2.o(.ARM.Collect$$rtentry$$0000000D)
    __rt_entry_postli_1                      0x080001b3   Thumb Code     0  __rtentry2.o(.ARM.Collect$$rtentry$$0000000C)
    __rt_exit                                0x080001bb   Thumb Code     0  rtexit.o(.ARM.Collect$$rtexit$$00000000)
    __rt_exit_ls                             0x080001bd   Thumb Code     0  rtexit2.o(.ARM.Collect$$rtexit$$00000003)
    __rt_exit_prels_1                        0x080001bd   Thumb Code     0  rtexit2.o(.ARM.Collect$$rtexit$$00000002)
    __rt_exit_exit                           0x080001c1   Thumb Code     0  rtexit2.o(.ARM.Collect$$rtexit$$00000004)
    SystemInit                               0x080001c9   Thumb Code    68  system_stm32f10x.o(.text)
    SystemCoreClockUpdate                    0x0800020d   Thumb Code    92  system_stm32f10x.o(.text)
    Reset_Handler                            0x08000309   Thumb Code     8  startup_stm32f10x_md.o(.text)
    ADC1_2_IRQHandler                        0x08000323   Thumb Code     0  startup_stm32f10x_md.o(.text)
    CAN1_RX1_IRQHandler                      0x08000323   Thumb Code     0  startup_stm32f10x_md.o(.text)
    CAN1_SCE_IRQHandler                      0x08000323   Thumb Code     0  startup_stm32f10x_md.o(.text)
    DMA1_Channel2_IRQHandler                 0x08000323   Thumb Code     0  startup_stm32f10x_md.o(.text)
    DMA1_Channel3_IRQHandler                 0x08000323   Thumb Code     0  startup_stm32f10x_md.o(.text)
    DMA1_Channel4_IRQHandler                 0x08000323   Thumb Code     0  startup_stm32f10x_md.o(.text)
    DMA1_Channel5_IRQHandler                 0x08000323   Thumb Code     0  startup_stm32f10x_md.o(.text)
    DMA1_Channel6_IRQHandler                 0x08000323   Thumb Code     0  startup_stm32f10x_md.o(.text)
    DMA1_Channel7_IRQHandler                 0x08000323   Thumb Code     0  startup_stm32f10x_md.o(.text)
    EXTI0_IRQHandler                         0x08000323   Thumb Code     0  startup_stm32f10x_md.o(.text)
    EXTI15_10_IRQHandler                     0x08000323   Thumb Code     0  startup_stm32f10x_md.o(.text)
    EXTI1_IRQHandler                         0x08000323   Thumb Code     0  startup_stm32f10x_md.o(.text)
    EXTI2_IRQHandler                         0x08000323   Thumb Code     0  startup_stm32f10x_md.o(.text)
    EXTI3_IRQHandler                         0x08000323   Thumb Code     0  startup_stm32f10x_md.o(.text)
    EXTI4_IRQHandler                         0x08000323   Thumb Code     0  startup_stm32f10x_md.o(.text)
    FLASH_IRQHandler                         0x08000323   Thumb Code     0  startup_stm32f10x_md.o(.text)
    I2C1_ER_IRQHandler                       0x08000323   Thumb Code     0  startup_stm32f10x_md.o(.text)
    I2C1_EV_IRQHandler                       0x08000323   Thumb Code     0  startup_stm32f10x_md.o(.text)
    I2C2_ER_IRQHandler                       0x08000323   Thumb Code     0  startup_stm32f10x_md.o(.text)
    I2C2_EV_IRQHandler                       0x08000323   Thumb Code     0  startup_stm32f10x_md.o(.text)
    RCC_IRQHandler                           0x08000323   Thumb Code     0  startup_stm32f10x_md.o(.text)
    RTCAlarm_IRQHandler                      0x08000323   Thumb Code     0  startup_stm32f10x_md.o(.text)
    RTC_IRQHandler                           0x08000323   Thumb Code     0  startup_stm32f10x_md.o(.text)
    SPI1_IRQHandler                          0x08000323   Thumb Code     0  startup_stm32f10x_md.o(.text)
    SPI2_IRQHandler                          0x08000323   Thumb Code     0  startup_stm32f10x_md.o(.text)
    TAMPER_IRQHandler                        0x08000323   Thumb Code     0  startup_stm32f10x_md.o(.text)
    TIM1_BRK_IRQHandler                      0x08000323   Thumb Code     0  startup_stm32f10x_md.o(.text)
    TIM1_CC_IRQHandler                       0x08000323   Thumb Code     0  startup_stm32f10x_md.o(.text)
    TIM1_TRG_COM_IRQHandler                  0x08000323   Thumb Code     0  startup_stm32f10x_md.o(.text)
    TIM1_UP_IRQHandler                       0x08000323   Thumb Code     0  startup_stm32f10x_md.o(.text)
    USART2_IRQHandler                        0x08000323   Thumb Code     0  startup_stm32f10x_md.o(.text)
    USART3_IRQHandler                        0x08000323   Thumb Code     0  startup_stm32f10x_md.o(.text)
    USBWakeUp_IRQHandler                     0x08000323   Thumb Code     0  startup_stm32f10x_md.o(.text)
    USB_HP_CAN1_TX_IRQHandler                0x08000323   Thumb Code     0  startup_stm32f10x_md.o(.text)
    USB_LP_CAN1_RX0_IRQHandler               0x08000323   Thumb Code     0  startup_stm32f10x_md.o(.text)
    WWDG_IRQHandler                          0x08000323   Thumb Code     0  startup_stm32f10x_md.o(.text)
    __user_initial_stackheap                 0x08000325   Thumb Code     0  startup_stm32f10x_md.o(.text)
    RCC_DeInit                               0x08000349   Thumb Code    54  stm32f10x_rcc.o(.text)
    RCC_HSEConfig                            0x0800037f   Thumb Code    48  stm32f10x_rcc.o(.text)
    RCC_GetFlagStatus                        0x080003af   Thumb Code    42  stm32f10x_rcc.o(.text)
    RCC_WaitForHSEStartUp                    0x080003d9   Thumb Code    44  stm32f10x_rcc.o(.text)
    RCC_AdjustHSICalibrationValue            0x08000405   Thumb Code    16  stm32f10x_rcc.o(.text)
    RCC_HSICmd                               0x08000415   Thumb Code     6  stm32f10x_rcc.o(.text)
    RCC_PLLConfig                            0x0800041b   Thumb Code    16  stm32f10x_rcc.o(.text)
    RCC_PLLCmd                               0x0800042b   Thumb Code     6  stm32f10x_rcc.o(.text)
    RCC_PREDIV1Config                        0x08000431   Thumb Code    18  stm32f10x_rcc.o(.text)
    RCC_SYSCLKConfig                         0x08000443   Thumb Code    14  stm32f10x_rcc.o(.text)
    RCC_GetSYSCLKSource                      0x08000451   Thumb Code    10  stm32f10x_rcc.o(.text)
    RCC_HCLKConfig                           0x0800045b   Thumb Code    14  stm32f10x_rcc.o(.text)
    RCC_PCLK1Config                          0x08000469   Thumb Code    14  stm32f10x_rcc.o(.text)
    RCC_PCLK2Config                          0x08000477   Thumb Code    16  stm32f10x_rcc.o(.text)
    RCC_ITConfig                             0x08000487   Thumb Code    18  stm32f10x_rcc.o(.text)
    RCC_USBCLKConfig                         0x08000499   Thumb Code     8  stm32f10x_rcc.o(.text)
    RCC_ADCCLKConfig                         0x080004a1   Thumb Code    14  stm32f10x_rcc.o(.text)
    RCC_LSEConfig                            0x080004af   Thumb Code    28  stm32f10x_rcc.o(.text)
    RCC_LSICmd                               0x080004cb   Thumb Code     6  stm32f10x_rcc.o(.text)
    RCC_RTCCLKConfig                         0x080004d1   Thumb Code    10  stm32f10x_rcc.o(.text)
    RCC_RTCCLKCmd                            0x080004db   Thumb Code     8  stm32f10x_rcc.o(.text)
    RCC_GetClocksFreq                        0x080004e3   Thumb Code   136  stm32f10x_rcc.o(.text)
    RCC_AHBPeriphClockCmd                    0x0800056b   Thumb Code    18  stm32f10x_rcc.o(.text)
    RCC_APB2PeriphClockCmd                   0x0800057d   Thumb Code    18  stm32f10x_rcc.o(.text)
    RCC_APB1PeriphClockCmd                   0x0800058f   Thumb Code    18  stm32f10x_rcc.o(.text)
    RCC_APB2PeriphResetCmd                   0x080005a1   Thumb Code    18  stm32f10x_rcc.o(.text)
    RCC_APB1PeriphResetCmd                   0x080005b3   Thumb Code    18  stm32f10x_rcc.o(.text)
    RCC_BackupResetCmd                       0x080005c5   Thumb Code     8  stm32f10x_rcc.o(.text)
    RCC_ClockSecuritySystemCmd               0x080005cd   Thumb Code     6  stm32f10x_rcc.o(.text)
    RCC_MCOConfig                            0x080005d3   Thumb Code     6  stm32f10x_rcc.o(.text)
    RCC_ClearFlag                            0x080005d9   Thumb Code    12  stm32f10x_rcc.o(.text)
    RCC_GetITStatus                          0x080005e5   Thumb Code    16  stm32f10x_rcc.o(.text)
    RCC_ClearITPendingBit                    0x080005f5   Thumb Code     6  stm32f10x_rcc.o(.text)
    USART_DeInit                             0x08000621   Thumb Code    96  stm32f10x_usart.o(.text)
    USART_Init                               0x08000681   Thumb Code   166  stm32f10x_usart.o(.text)
    USART_StructInit                         0x08000727   Thumb Code    22  stm32f10x_usart.o(.text)
    USART_ClockInit                          0x0800073d   Thumb Code    30  stm32f10x_usart.o(.text)
    USART_ClockStructInit                    0x0800075b   Thumb Code    12  stm32f10x_usart.o(.text)
    USART_Cmd                                0x08000767   Thumb Code    20  stm32f10x_usart.o(.text)
    USART_ITConfig                           0x0800077b   Thumb Code    48  stm32f10x_usart.o(.text)
    USART_DMACmd                             0x080007ab   Thumb Code    16  stm32f10x_usart.o(.text)
    USART_SetAddress                         0x080007bb   Thumb Code    16  stm32f10x_usart.o(.text)
    USART_WakeUpConfig                       0x080007cb   Thumb Code    16  stm32f10x_usart.o(.text)
    USART_ReceiverWakeUpCmd                  0x080007db   Thumb Code    20  stm32f10x_usart.o(.text)
    USART_LINBreakDetectLengthConfig         0x080007ef   Thumb Code    16  stm32f10x_usart.o(.text)
    USART_LINCmd                             0x080007ff   Thumb Code    20  stm32f10x_usart.o(.text)
    USART_SendData                           0x08000813   Thumb Code     8  stm32f10x_usart.o(.text)
    USART_ReceiveData                        0x0800081b   Thumb Code     8  stm32f10x_usart.o(.text)
    USART_SendBreak                          0x08000823   Thumb Code    10  stm32f10x_usart.o(.text)
    USART_SetGuardTime                       0x0800082d   Thumb Code    16  stm32f10x_usart.o(.text)
    USART_SetPrescaler                       0x0800083d   Thumb Code    16  stm32f10x_usart.o(.text)
    USART_SmartCardCmd                       0x0800084d   Thumb Code    20  stm32f10x_usart.o(.text)
    USART_SmartCardNACKCmd                   0x08000861   Thumb Code    20  stm32f10x_usart.o(.text)
    USART_HalfDuplexCmd                      0x08000875   Thumb Code    20  stm32f10x_usart.o(.text)
    USART_OverSampling8Cmd                   0x08000889   Thumb Code    20  stm32f10x_usart.o(.text)
    USART_OneBitMethodCmd                    0x0800089d   Thumb Code    20  stm32f10x_usart.o(.text)
    USART_IrDAConfig                         0x080008b1   Thumb Code    16  stm32f10x_usart.o(.text)
    USART_IrDACmd                            0x080008c1   Thumb Code    20  stm32f10x_usart.o(.text)
    USART_GetFlagStatus                      0x080008d5   Thumb Code    14  stm32f10x_usart.o(.text)
    USART_ClearFlag                          0x080008e3   Thumb Code     6  stm32f10x_usart.o(.text)
    USART_GetITStatus                        0x080008e9   Thumb Code    62  stm32f10x_usart.o(.text)
    USART_ClearITPendingBit                  0x08000927   Thumb Code    12  stm32f10x_usart.o(.text)
    GPIO_DeInit                              0x08000949   Thumb Code   152  stm32f10x_gpio.o(.text)
    GPIO_AFIODeInit                          0x080009e1   Thumb Code    22  stm32f10x_gpio.o(.text)
    GPIO_Init                                0x080009f7   Thumb Code   164  stm32f10x_gpio.o(.text)
    GPIO_StructInit                          0x08000a9b   Thumb Code    16  stm32f10x_gpio.o(.text)
    GPIO_ReadInputDataBit                    0x08000aab   Thumb Code    14  stm32f10x_gpio.o(.text)
    GPIO_ReadInputData                       0x08000ab9   Thumb Code     6  stm32f10x_gpio.o(.text)
    GPIO_ReadOutputDataBit                   0x08000abf   Thumb Code    14  stm32f10x_gpio.o(.text)
    GPIO_ReadOutputData                      0x08000acd   Thumb Code     6  stm32f10x_gpio.o(.text)
    GPIO_SetBits                             0x08000ad3   Thumb Code     4  stm32f10x_gpio.o(.text)
    GPIO_ResetBits                           0x08000ad7   Thumb Code     4  stm32f10x_gpio.o(.text)
    GPIO_WriteBit                            0x08000adb   Thumb Code    10  stm32f10x_gpio.o(.text)
    GPIO_Write                               0x08000ae5   Thumb Code     4  stm32f10x_gpio.o(.text)
    GPIO_PinLockConfig                       0x08000ae9   Thumb Code    16  stm32f10x_gpio.o(.text)
    GPIO_EventOutputConfig                   0x08000af9   Thumb Code    22  stm32f10x_gpio.o(.text)
    GPIO_EventOutputCmd                      0x08000b0f   Thumb Code     6  stm32f10x_gpio.o(.text)
    GPIO_PinRemapConfig                      0x08000b15   Thumb Code    82  stm32f10x_gpio.o(.text)
    GPIO_EXTILineConfig                      0x08000b67   Thumb Code    34  stm32f10x_gpio.o(.text)
    GPIO_ETH_MediaInterfaceConfig            0x08000b89   Thumb Code     8  stm32f10x_gpio.o(.text)
    NVIC_PriorityGroupConfig                 0x08000bb5   Thumb Code    10  misc.o(.text)
    NVIC_Init                                0x08000bbf   Thumb Code    94  misc.o(.text)
    NVIC_SetVectorTable                      0x08000c1d   Thumb Code    14  misc.o(.text)
    NVIC_SystemLPConfig                      0x08000c2b   Thumb Code    20  misc.o(.text)
    SysTick_CLKSourceConfig                  0x08000c3f   Thumb Code    24  misc.o(.text)
    FLASH_SetLatency                         0x08000c65   Thumb Code    14  stm32f10x_flash.o(.text)
    FLASH_HalfCycleAccessCmd                 0x08000c73   Thumb Code    18  stm32f10x_flash.o(.text)
    FLASH_PrefetchBufferCmd                  0x08000c85   Thumb Code    18  stm32f10x_flash.o(.text)
    FLASH_Unlock                             0x08000c97   Thumb Code    12  stm32f10x_flash.o(.text)
    FLASH_UnlockBank1                        0x08000ca3   Thumb Code    12  stm32f10x_flash.o(.text)
    FLASH_Lock                               0x08000caf   Thumb Code    12  stm32f10x_flash.o(.text)
    FLASH_LockBank1                          0x08000cbb   Thumb Code    12  stm32f10x_flash.o(.text)
    FLASH_GetBank1Status                     0x08000cc7   Thumb Code    34  stm32f10x_flash.o(.text)
    FLASH_WaitForLastOperation               0x08000ce9   Thumb Code    36  stm32f10x_flash.o(.text)
    FLASH_ErasePage                          0x08000d0d   Thumb Code    56  stm32f10x_flash.o(.text)
    FLASH_EraseAllPages                      0x08000d45   Thumb Code    52  stm32f10x_flash.o(.text)
    FLASH_WaitForLastBank1Operation          0x08000d79   Thumb Code    36  stm32f10x_flash.o(.text)
    FLASH_EraseAllBank1Pages                 0x08000d9d   Thumb Code    52  stm32f10x_flash.o(.text)
    FLASH_GetReadOutProtectionStatus         0x08000dd1   Thumb Code    14  stm32f10x_flash.o(.text)
    FLASH_EraseOptionBytes                   0x08000ddf   Thumb Code   108  stm32f10x_flash.o(.text)
    FLASH_ProgramWord                        0x08000e4b   Thumb Code    72  stm32f10x_flash.o(.text)
    FLASH_ProgramHalfWord                    0x08000e93   Thumb Code    48  stm32f10x_flash.o(.text)
    FLASH_ProgramOptionByteData              0x08000ec3   Thumb Code    62  stm32f10x_flash.o(.text)
    FLASH_EnableWriteProtection              0x08000f01   Thumb Code   150  stm32f10x_flash.o(.text)
    FLASH_ReadOutProtection                  0x08000f97   Thumb Code   118  stm32f10x_flash.o(.text)
    FLASH_UserOptionByteConfig               0x0800100d   Thumb Code    92  stm32f10x_flash.o(.text)
    FLASH_GetUserOptionByte                  0x08001069   Thumb Code     8  stm32f10x_flash.o(.text)
    FLASH_GetWriteProtectionOptionByte       0x08001071   Thumb Code     6  stm32f10x_flash.o(.text)
    FLASH_GetPrefetchBufferStatus            0x08001077   Thumb Code    14  stm32f10x_flash.o(.text)
    FLASH_ITConfig                           0x08001085   Thumb Code    18  stm32f10x_flash.o(.text)
    FLASH_GetFlagStatus                      0x08001097   Thumb Code    28  stm32f10x_flash.o(.text)
    FLASH_ClearFlag                          0x080010b3   Thumb Code     6  stm32f10x_flash.o(.text)
    FLASH_GetStatus                          0x080010b9   Thumb Code    34  stm32f10x_flash.o(.text)
    TIM_DeInit                               0x080010e1   Thumb Code   304  stm32f10x_tim.o(.text)
    TIM_TimeBaseInit                         0x08001211   Thumb Code   114  stm32f10x_tim.o(.text)
    TIM_OC1Init                              0x08001283   Thumb Code   106  stm32f10x_tim.o(.text)
    TIM_OC2Init                              0x080012ed   Thumb Code   120  stm32f10x_tim.o(.text)
    TIM_OC3Init                              0x08001365   Thumb Code   116  stm32f10x_tim.o(.text)
    TIM_OC4Init                              0x080013d9   Thumb Code    90  stm32f10x_tim.o(.text)
    TIM_SetIC4Prescaler                      0x08001433   Thumb Code    24  stm32f10x_tim.o(.text)
    TIM_SetIC3Prescaler                      0x0800144b   Thumb Code    16  stm32f10x_tim.o(.text)
    TIM_SetIC2Prescaler                      0x0800145b   Thumb Code    24  stm32f10x_tim.o(.text)
    TIM_SetIC1Prescaler                      0x08001519   Thumb Code    16  stm32f10x_tim.o(.text)
    TIM_ICInit                               0x08001581   Thumb Code   272  stm32f10x_tim.o(.text)
    TIM_PWMIConfig                           0x08001691   Thumb Code   104  stm32f10x_tim.o(.text)
    TIM_BDTRConfig                           0x080016f9   Thumb Code    34  stm32f10x_tim.o(.text)
    TIM_TimeBaseStructInit                   0x0800171b   Thumb Code    18  stm32f10x_tim.o(.text)
    TIM_OCStructInit                         0x0800172d   Thumb Code    20  stm32f10x_tim.o(.text)
    TIM_ICStructInit                         0x08001741   Thumb Code    16  stm32f10x_tim.o(.text)
    TIM_BDTRStructInit                       0x08001751   Thumb Code    18  stm32f10x_tim.o(.text)
    TIM_Cmd                                  0x08001763   Thumb Code    20  stm32f10x_tim.o(.text)
    TIM_CtrlPWMOutputs                       0x08001777   Thumb Code    22  stm32f10x_tim.o(.text)
    TIM_ITConfig                             0x0800178d   Thumb Code    16  stm32f10x_tim.o(.text)
    TIM_GenerateEvent                        0x0800179d   Thumb Code     4  stm32f10x_tim.o(.text)
    TIM_DMAConfig                            0x080017a1   Thumb Code     8  stm32f10x_tim.o(.text)
    TIM_DMACmd                               0x080017a9   Thumb Code    16  stm32f10x_tim.o(.text)
    TIM_InternalClockConfig                  0x080017b9   Thumb Code    10  stm32f10x_tim.o(.text)
    TIM_SelectInputTrigger                   0x080017c3   Thumb Code    12  stm32f10x_tim.o(.text)
    TIM_ITRxExternalClockConfig              0x080017cf   Thumb Code    18  stm32f10x_tim.o(.text)
    TIM_TIxExternalClockConfig               0x080017e1   Thumb Code    46  stm32f10x_tim.o(.text)
    TIM_ETRConfig                            0x0800180f   Thumb Code    24  stm32f10x_tim.o(.text)
    TIM_ETRClockMode1Config                  0x08001827   Thumb Code    18  stm32f10x_tim.o(.text)
    TIM_ETRClockMode2Config                  0x08001839   Thumb Code    18  stm32f10x_tim.o(.text)
    TIM_PrescalerConfig                      0x0800184b   Thumb Code     6  stm32f10x_tim.o(.text)
    TIM_CounterModeConfig                    0x08001851   Thumb Code    12  stm32f10x_tim.o(.text)
    TIM_EncoderInterfaceConfig               0x0800185d   Thumb Code    50  stm32f10x_tim.o(.text)
    TIM_ForcedOC1Config                      0x0800188f   Thumb Code    12  stm32f10x_tim.o(.text)
    TIM_ForcedOC2Config                      0x0800189b   Thumb Code    20  stm32f10x_tim.o(.text)
    TIM_ForcedOC3Config                      0x080018af   Thumb Code    12  stm32f10x_tim.o(.text)
    TIM_ForcedOC4Config                      0x080018bb   Thumb Code    20  stm32f10x_tim.o(.text)
    TIM_ARRPreloadConfig                     0x080018cf   Thumb Code    20  stm32f10x_tim.o(.text)
    TIM_SelectCOM                            0x080018e3   Thumb Code    20  stm32f10x_tim.o(.text)
    TIM_SelectCCDMA                          0x080018f7   Thumb Code    20  stm32f10x_tim.o(.text)
    TIM_CCPreloadControl                     0x0800190b   Thumb Code    20  stm32f10x_tim.o(.text)
    TIM_OC1PreloadConfig                     0x0800191f   Thumb Code    34  stm32f10x_tim.o(.text)
    TIM_OC2PreloadConfig                     0x08001941   Thumb Code    20  stm32f10x_tim.o(.text)
    TIM_OC3PreloadConfig                     0x08001955   Thumb Code    12  stm32f10x_tim.o(.text)
    TIM_OC4PreloadConfig                     0x08001961   Thumb Code    20  stm32f10x_tim.o(.text)
    TIM_OC1FastConfig                        0x08001975   Thumb Code    12  stm32f10x_tim.o(.text)
    TIM_OC2FastConfig                        0x08001981   Thumb Code    20  stm32f10x_tim.o(.text)
    TIM_OC3FastConfig                        0x08001995   Thumb Code    12  stm32f10x_tim.o(.text)
    TIM_OC4FastConfig                        0x080019a1   Thumb Code    20  stm32f10x_tim.o(.text)
    TIM_ClearOC1Ref                          0x080019b5   Thumb Code    12  stm32f10x_tim.o(.text)
    TIM_ClearOC2Ref                          0x080019c1   Thumb Code    20  stm32f10x_tim.o(.text)
    TIM_ClearOC3Ref                          0x080019d5   Thumb Code    12  stm32f10x_tim.o(.text)
    TIM_ClearOC4Ref                          0x080019e1   Thumb Code    20  stm32f10x_tim.o(.text)
    TIM_OC1PolarityConfig                    0x080019f5   Thumb Code    12  stm32f10x_tim.o(.text)
    TIM_OC1NPolarityConfig                   0x08001a01   Thumb Code    12  stm32f10x_tim.o(.text)
    TIM_OC2PolarityConfig                    0x08001a0d   Thumb Code    20  stm32f10x_tim.o(.text)
    TIM_OC2NPolarityConfig                   0x08001a21   Thumb Code    20  stm32f10x_tim.o(.text)
    TIM_OC3PolarityConfig                    0x08001a35   Thumb Code    20  stm32f10x_tim.o(.text)
    TIM_OC3NPolarityConfig                   0x08001a49   Thumb Code    20  stm32f10x_tim.o(.text)
    TIM_OC4PolarityConfig                    0x08001a5d   Thumb Code    20  stm32f10x_tim.o(.text)
    TIM_CCxCmd                               0x08001a71   Thumb Code    22  stm32f10x_tim.o(.text)
    TIM_CCxNCmd                              0x08001a87   Thumb Code    22  stm32f10x_tim.o(.text)
    TIM_SelectOCxM                           0x08001a9d   Thumb Code    70  stm32f10x_tim.o(.text)
    TIM_UpdateDisableConfig                  0x08001ae3   Thumb Code    20  stm32f10x_tim.o(.text)
    TIM_UpdateRequestConfig                  0x08001af7   Thumb Code    20  stm32f10x_tim.o(.text)
    TIM_SelectHallSensor                     0x08001b0b   Thumb Code    20  stm32f10x_tim.o(.text)
    TIM_SelectOnePulseMode                   0x08001b1f   Thumb Code    16  stm32f10x_tim.o(.text)
    TIM_SelectOutputTrigger                  0x08001b2f   Thumb Code    16  stm32f10x_tim.o(.text)
    TIM_SelectSlaveMode                      0x08001b3f   Thumb Code    16  stm32f10x_tim.o(.text)
    TIM_SelectMasterSlaveMode                0x08001b4f   Thumb Code    16  stm32f10x_tim.o(.text)
    TIM_SetCounter                           0x08001b5f   Thumb Code     4  stm32f10x_tim.o(.text)
    TIM_SetAutoreload                        0x08001b63   Thumb Code     4  stm32f10x_tim.o(.text)
    TIM_SetCompare1                          0x08001b67   Thumb Code     4  stm32f10x_tim.o(.text)
    TIM_SetCompare2                          0x08001b6b   Thumb Code     4  stm32f10x_tim.o(.text)
    TIM_SetCompare3                          0x08001b6f   Thumb Code     4  stm32f10x_tim.o(.text)
    TIM_SetCompare4                          0x08001b73   Thumb Code     6  stm32f10x_tim.o(.text)
    TIM_SetClockDivision                     0x08001b79   Thumb Code    16  stm32f10x_tim.o(.text)
    TIM_GetCapture1                          0x08001b89   Thumb Code     4  stm32f10x_tim.o(.text)
    TIM_GetCapture2                          0x08001b8d   Thumb Code     4  stm32f10x_tim.o(.text)
    TIM_GetCapture3                          0x08001b91   Thumb Code     4  stm32f10x_tim.o(.text)
    TIM_GetCapture4                          0x08001b95   Thumb Code     6  stm32f10x_tim.o(.text)
    TIM_GetCounter                           0x08001b9b   Thumb Code     4  stm32f10x_tim.o(.text)
    TIM_GetPrescaler                         0x08001b9f   Thumb Code     4  stm32f10x_tim.o(.text)
    TIM_GetFlagStatus                        0x08001ba3   Thumb Code    14  stm32f10x_tim.o(.text)
    TIM_ClearFlag                            0x08001bb1   Thumb Code     6  stm32f10x_tim.o(.text)
    TIM_GetITStatus                          0x08001bb7   Thumb Code    24  stm32f10x_tim.o(.text)
    TIM_ClearITPendingBit                    0x08001bcf   Thumb Code     6  stm32f10x_tim.o(.text)
    ADC_DeInit                               0x08001bd5   Thumb Code    56  stm32f10x_adc.o(.text)
    ADC_Init                                 0x08001c0d   Thumb Code    62  stm32f10x_adc.o(.text)
    ADC_StructInit                           0x08001c4b   Thumb Code    18  stm32f10x_adc.o(.text)
    ADC_Cmd                                  0x08001c5d   Thumb Code    20  stm32f10x_adc.o(.text)
    ADC_DMACmd                               0x08001c71   Thumb Code    20  stm32f10x_adc.o(.text)
    ADC_ITConfig                             0x08001c85   Thumb Code    18  stm32f10x_adc.o(.text)
    ADC_ResetCalibration                     0x08001c97   Thumb Code    10  stm32f10x_adc.o(.text)
    ADC_GetResetCalibrationStatus            0x08001ca1   Thumb Code    14  stm32f10x_adc.o(.text)
    ADC_StartCalibration                     0x08001caf   Thumb Code    10  stm32f10x_adc.o(.text)
    ADC_GetCalibrationStatus                 0x08001cb9   Thumb Code    14  stm32f10x_adc.o(.text)
    ADC_SoftwareStartConvCmd                 0x08001cc7   Thumb Code    20  stm32f10x_adc.o(.text)
    ADC_GetSoftwareStartConvStatus           0x08001cdb   Thumb Code    14  stm32f10x_adc.o(.text)
    ADC_DiscModeChannelCountConfig           0x08001ce9   Thumb Code    16  stm32f10x_adc.o(.text)
    ADC_DiscModeCmd                          0x08001cf9   Thumb Code    20  stm32f10x_adc.o(.text)
    ADC_RegularChannelConfig                 0x08001d0d   Thumb Code   116  stm32f10x_adc.o(.text)
    ADC_ExternalTrigConvCmd                  0x08001d81   Thumb Code    20  stm32f10x_adc.o(.text)
    ADC_GetConversionValue                   0x08001d95   Thumb Code     6  stm32f10x_adc.o(.text)
    ADC_GetDualModeConversionValue           0x08001d9b   Thumb Code     8  stm32f10x_adc.o(.text)
    ADC_AutoInjectedConvCmd                  0x08001da3   Thumb Code    20  stm32f10x_adc.o(.text)
    ADC_InjectedDiscModeCmd                  0x08001db7   Thumb Code    20  stm32f10x_adc.o(.text)
    ADC_ExternalTrigInjectedConvConfig       0x08001dcb   Thumb Code    12  stm32f10x_adc.o(.text)
    ADC_ExternalTrigInjectedConvCmd          0x08001dd7   Thumb Code    20  stm32f10x_adc.o(.text)
    ADC_SoftwareStartInjectedConvCmd         0x08001deb   Thumb Code    20  stm32f10x_adc.o(.text)
    ADC_GetSoftwareStartInjectedConvCmdStatus 0x08001dff   Thumb Code    14  stm32f10x_adc.o(.text)
    ADC_InjectedChannelConfig                0x08001e0d   Thumb Code    74  stm32f10x_adc.o(.text)
    ADC_InjectedSequencerLengthConfig        0x08001e57   Thumb Code    16  stm32f10x_adc.o(.text)
    ADC_SetInjectedOffset                    0x08001e67   Thumb Code    10  stm32f10x_adc.o(.text)
    ADC_GetInjectedConversionValue           0x08001e71   Thumb Code    14  stm32f10x_adc.o(.text)
    ADC_AnalogWatchdogCmd                    0x08001e7f   Thumb Code    12  stm32f10x_adc.o(.text)
    ADC_AnalogWatchdogThresholdsConfig       0x08001e8b   Thumb Code     6  stm32f10x_adc.o(.text)
    ADC_AnalogWatchdogSingleChannelConfig    0x08001e91   Thumb Code    12  stm32f10x_adc.o(.text)
    ADC_TempSensorVrefintCmd                 0x08001e9d   Thumb Code    24  stm32f10x_adc.o(.text)
    ADC_GetFlagStatus                        0x08001eb5   Thumb Code    14  stm32f10x_adc.o(.text)
    ADC_ClearFlag                            0x08001ec3   Thumb Code     6  stm32f10x_adc.o(.text)
    ADC_GetITStatus                          0x08001ec9   Thumb Code    28  stm32f10x_adc.o(.text)
    ADC_ClearITPendingBit                    0x08001ee5   Thumb Code     8  stm32f10x_adc.o(.text)
    DMA_DeInit                               0x08001f05   Thumb Code   218  stm32f10x_dma.o(.text)
    DMA_Init                                 0x08001fdf   Thumb Code    58  stm32f10x_dma.o(.text)
    DMA_StructInit                           0x08002019   Thumb Code    26  stm32f10x_dma.o(.text)
    DMA_Cmd                                  0x08002033   Thumb Code    22  stm32f10x_dma.o(.text)
    DMA_ITConfig                             0x08002049   Thumb Code    16  stm32f10x_dma.o(.text)
    DMA_SetCurrDataCounter                   0x08002059   Thumb Code     4  stm32f10x_dma.o(.text)
    DMA_GetCurrDataCounter                   0x0800205d   Thumb Code     6  stm32f10x_dma.o(.text)
    DMA_GetFlagStatus                        0x08002063   Thumb Code    28  stm32f10x_dma.o(.text)
    DMA_ClearFlag                            0x0800207f   Thumb Code    20  stm32f10x_dma.o(.text)
    DMA_GetITStatus                          0x08002093   Thumb Code    28  stm32f10x_dma.o(.text)
    DMA_ClearITPendingBit                    0x080020af   Thumb Code    20  stm32f10x_dma.o(.text)
    DAC_DeInit                               0x080020cd   Thumb Code    24  stm32f10x_dac.o(.text)
    DAC_Init                                 0x080020e5   Thumb Code    36  stm32f10x_dac.o(.text)
    DAC_StructInit                           0x08002109   Thumb Code    12  stm32f10x_dac.o(.text)
    DAC_Cmd                                  0x08002115   Thumb Code    20  stm32f10x_dac.o(.text)
    DAC_ITConfig                             0x08002129   Thumb Code    18  stm32f10x_dac.o(.text)
    DAC_DMACmd                               0x0800213b   Thumb Code    20  stm32f10x_dac.o(.text)
    DAC_SoftwareTriggerCmd                   0x0800214f   Thumb Code    26  stm32f10x_dac.o(.text)
    DAC_DualSoftwareTriggerCmd               0x08002169   Thumb Code    24  stm32f10x_dac.o(.text)
    DAC_WaveGenerationCmd                    0x08002181   Thumb Code    18  stm32f10x_dac.o(.text)
    DAC_SetChannel1Data                      0x08002193   Thumb Code    14  stm32f10x_dac.o(.text)
    DAC_SetChannel2Data                      0x080021a1   Thumb Code    14  stm32f10x_dac.o(.text)
    DAC_SetDualChannelData                   0x080021af   Thumb Code    22  stm32f10x_dac.o(.text)
    DAC_GetDataOutputValue                   0x080021c5   Thumb Code    18  stm32f10x_dac.o(.text)
    DAC_GetFlagStatus                        0x080021d7   Thumb Code    20  stm32f10x_dac.o(.text)
    DAC_ClearFlag                            0x080021eb   Thumb Code    10  stm32f10x_dac.o(.text)
    DAC_GetITStatus                          0x080021f5   Thumb Code    30  stm32f10x_dac.o(.text)
    DAC_ClearITPendingBit                    0x08002213   Thumb Code    10  stm32f10x_dac.o(.text)
    EXTI_DeInit                              0x08002221   Thumb Code    28  stm32f10x_exti.o(.text)
    EXTI_Init                                0x0800223d   Thumb Code   108  stm32f10x_exti.o(.text)
    EXTI_StructInit                          0x080022a9   Thumb Code    14  stm32f10x_exti.o(.text)
    EXTI_GenerateSWInterrupt                 0x080022b7   Thumb Code    12  stm32f10x_exti.o(.text)
    EXTI_GetFlagStatus                       0x080022c3   Thumb Code    18  stm32f10x_exti.o(.text)
    EXTI_ClearFlag                           0x080022d5   Thumb Code     8  stm32f10x_exti.o(.text)
    EXTI_GetITStatus                         0x080022dd   Thumb Code    28  stm32f10x_exti.o(.text)
    EXTI_ClearITPendingBit                   0x080022f9   Thumb Code     8  stm32f10x_exti.o(.text)
    IWDG_WriteAccessCmd                      0x08002309   Thumb Code     6  stm32f10x_iwdg.o(.text)
    IWDG_SetPrescaler                        0x0800230f   Thumb Code     6  stm32f10x_iwdg.o(.text)
    IWDG_SetReload                           0x08002315   Thumb Code     6  stm32f10x_iwdg.o(.text)
    IWDG_ReloadCounter                       0x0800231b   Thumb Code    10  stm32f10x_iwdg.o(.text)
    IWDG_Enable                              0x08002325   Thumb Code    10  stm32f10x_iwdg.o(.text)
    IWDG_GetFlagStatus                       0x0800232f   Thumb Code    16  stm32f10x_iwdg.o(.text)
    PWR_DeInit                               0x08002345   Thumb Code    24  stm32f10x_pwr.o(.text)
    PWR_BackupAccessCmd                      0x0800235d   Thumb Code     6  stm32f10x_pwr.o(.text)
    PWR_PVDCmd                               0x08002363   Thumb Code     6  stm32f10x_pwr.o(.text)
    PWR_PVDLevelConfig                       0x08002369   Thumb Code    14  stm32f10x_pwr.o(.text)
    PWR_WakeUpPinCmd                         0x08002377   Thumb Code     8  stm32f10x_pwr.o(.text)
    PWR_EnterSTOPMode                        0x0800237f   Thumb Code    42  stm32f10x_pwr.o(.text)
    PWR_EnterSTANDBYMode                     0x080023a9   Thumb Code    32  stm32f10x_pwr.o(.text)
    PWR_GetFlagStatus                        0x080023c9   Thumb Code    16  stm32f10x_pwr.o(.text)
    PWR_ClearFlag                            0x080023d9   Thumb Code    12  stm32f10x_pwr.o(.text)
    NMI_Handler                              0x080023f1   Thumb Code     2  stm32f10x_it.o(.text)
    HardFault_Handler                        0x080023f3   Thumb Code     2  stm32f10x_it.o(.text)
    MemManage_Handler                        0x080023f5   Thumb Code     2  stm32f10x_it.o(.text)
    BusFault_Handler                         0x080023f7   Thumb Code     2  stm32f10x_it.o(.text)
    UsageFault_Handler                       0x080023f9   Thumb Code     2  stm32f10x_it.o(.text)
    SVC_Handler                              0x080023fb   Thumb Code     2  stm32f10x_it.o(.text)
    DebugMon_Handler                         0x080023fd   Thumb Code     2  stm32f10x_it.o(.text)
    PendSV_Handler                           0x080023ff   Thumb Code     2  stm32f10x_it.o(.text)
    SysTick_Handler                          0x08002401   Thumb Code     2  stm32f10x_it.o(.text)
    EXTI9_5_IRQHandler                       0x08002403   Thumb Code     2  stm32f10x_it.o(.text)
    USART1_IRQHandler                        0x08002405   Thumb Code     2  stm32f10x_it.o(.text)
    SMG_data_update                          0x08002409   Thumb Code    36  display.o(.text)
    ButtonMappingDisplay                     0x0800242d   Thumb Code    82  display.o(.text)
    takeoffLED                               0x0800247f   Thumb Code    22  display.o(.text)
    GetIntNumber                             0x08002495   Thumb Code    24  display.o(.text)
    SMG_DisplayModeONE                       0x080024ad   Thumb Code   228  display.o(.text)
    SMG_DisplayModeONE_Detect_AREA_HI        0x08002591   Thumb Code   252  display.o(.text)
    SMG_DisplayModeONE_Detect_AREA_LO        0x0800268d   Thumb Code   250  display.o(.text)
    SMG_DisplayModeTWO                       0x08002787   Thumb Code    38  display.o(.text)
    SMG_DisplayModeTHIRD                     0x080027ad   Thumb Code   144  display.o(.text)
    SMG_DisplayModeDETECT                    0x0800283d   Thumb Code    48  display.o(.text)
    SMG_DisplaSV                             0x0800286d   Thumb Code   156  display.o(.text)
    SMG_DisplaCSV                            0x08002909   Thumb Code   158  display.o(.text)
    SMG_DisplayFSV                           0x080029a7   Thumb Code   158  display.o(.text)
    SMG_DisplayMenuTwo_TOFF                  0x08002a45   Thumb Code    52  display.o(.text)
    SMG_DisplayMenuTwo_OFFD                  0x08002a79   Thumb Code    52  display.o(.text)
    SMG_DisplayMenuTwo_OFFD_SET              0x08002aad   Thumb Code   264  display.o(.text)
    SMG_DisplayMenuTwo_ON_Delay              0x08002bb5   Thumb Code    54  display.o(.text)
    SMG_DisplayMenuTwo_ON_Delay_SET          0x08002beb   Thumb Code   280  display.o(.text)
    SMG_DisplayMenuTwo_SHOT                  0x08002d03   Thumb Code    54  display.o(.text)
    SMG_DisplayMenuTwo_SHOT_SET              0x08002d39   Thumb Code   266  display.o(.text)
    SMG_DisplayMenuTwo_DEL                   0x08002e43   Thumb Code    50  display.o(.text)
    SMG_DisplayMenuTwo_DEL_SET               0x08002e75   Thumb Code   264  display.o(.text)
    SMG_DisplaySET_Step_1_Mode               0x08002f7d   Thumb Code   214  display.o(.text)
    SMG_DisplaySET_Step_2_Mode               0x08003053   Thumb Code   224  display.o(.text)
    SMG_DisplayOUT_STATUS                    0x08003133   Thumb Code    66  display.o(.text)
    END_Display                              0x08003175   Thumb Code    50  display.o(.text)
    Dust_Display                             0x080031a7   Thumb Code    30  display.o(.text)
    ParameterDisplay                         0x080031c5   Thumb Code    28  display.o(.text)
    SMG_DisplayATT100                        0x080031e1   Thumb Code   210  display.o(.text)
    SMG_DisplayPERCENTAGE                    0x080032b3   Thumb Code    78  display.o(.text)
    SMG_DisplayMenuDSC                       0x08003301   Thumb Code    40  display.o(.text)
    SMG_Init                                 0x08003329   Thumb Code     2  display.o(.text)
    send_seg_RP0                             0x0800332b   Thumb Code   140  display.o(.text)
    send_bit_RP1                             0x080033b7   Thumb Code   140  display.o(.text)
    SMG_Diplay                               0x08003443   Thumb Code    66  display.o(.text)
    Button_Init                              0x080034a9   Thumb Code   206  key.o(.text)
    PressCallback                            0x08003577   Thumb Code    70  key.o(.text)
    ReadButtonStatus                         0x080035bd   Thumb Code    38  key.o(.text)
    Key_Scan                                 0x080035e3   Thumb Code   320  key.o(.text)
    MenuTwo_OUT1_SHOT                        0x0800372d   Thumb Code   482  menu.o(.text)
    MenuTwo_OUT1_ON_D                        0x0800390f   Thumb Code   480  menu.o(.text)
    MenuTwo_OUT1_OFFD                        0x08003aef   Thumb Code   482  menu.o(.text)
    MenuTwo_OUT1_TOFF                        0x08003cd1   Thumb Code    30  menu.o(.text)
    MenuTwo_OUT1_DelaySET                    0x08003cef   Thumb Code   398  menu.o(.text)
    MenuOne_CSV                              0x08003e7d   Thumb Code   380  menu.o(.text)
    menu                                     0x08003ff9   Thumb Code   210  menu.o(.text)
    MenuOne_ATT100                           0x080040cb   Thumb Code   340  menu.o(.text)
    Menu_PERCENTAGE                          0x0800421f   Thumb Code   362  menu.o(.text)
    Menu_DSC                                 0x08004389   Thumb Code   174  menu.o(.text)
    MenuOne_SV                               0x08004437   Thumb Code   334  menu.o(.text)
    MenuOne_FSV                              0x08004585   Thumb Code   334  menu.o(.text)
    InitInternalFlash                        0x080046e9   Thumb Code    34  flash.o(.text)
    WriteInternalFlash                       0x0800470b   Thumb Code    36  flash.o(.text)
    EraseFlash                               0x0800472f   Thumb Code    88  flash.o(.text)
    WriteFlash                               0x08004787   Thumb Code    54  flash.o(.text)
    ReadFlash                                0x080047bd   Thumb Code    26  flash.o(.text)
    GetMAXADCValue                           0x08004815   Thumb Code   304  selfstudy.o(.text)
    ADCINcalibration                         0x08004945   Thumb Code   120  selfstudy.o(.text)
    selfstudy                                0x080049bd   Thumb Code   210  selfstudy.o(.text)
    JudgeSvalue                              0x08004a8f   Thumb Code    56  selfstudy.o(.text)
    fputc                                    0x08004b19   Thumb Code    30  main.o(.text)
    DelaymsSet                               0x08004b37   Thumb Code    10  main.o(.text)
    TIM4_IRQHandler                          0x08004b41   Thumb Code    30  main.o(.text)
    TIM2_IRQHandler                          0x08004b5f   Thumb Code   180  main.o(.text)
    TIM1_BRK_UP_TRG_COM_IRQHandler           0x08004c13   Thumb Code    30  main.o(.text)
    TIM3_IRQHandler                          0x08004c31   Thumb Code    30  main.o(.text)
    bsp_init                                 0x08004c4f   Thumb Code    60  main.o(.text)
    ProgramCheck                             0x08004c8b   Thumb Code    66  main.o(.text)
    IWDG_Config                              0x08004ccd   Thumb Code    48  main.o(.text)
    Formula_100                              0x08004cfd   Thumb Code   126  main.o(.text)
    FlashCheck                               0x08004d7b   Thumb Code    60  main.o(.text)
    main                                     0x08004db7   Thumb Code    26  main.o(.text)
    Formula_CRC16                            0x08004dd1   Thumb Code    58  main.o(.text)
    DeleteMaxAndMinGetAverage                0x08004e59   Thumb Code    70  project.o(.text)
    GetSum                                   0x08004e9f   Thumb Code    24  project.o(.text)
    GetAverage                               0x08004eb7   Thumb Code    26  project.o(.text)
    ClearData                                0x08004ed1   Thumb Code    16  project.o(.text)
    CPV_SET_OUT                              0x08004ee1   Thumb Code    58  project.o(.text)
    JudgeDX                                  0x08004f1b   Thumb Code   198  project.o(.text)
    SetOUT1Status                            0x08004fe1   Thumb Code   174  project.o(.text)
    DMA1_Channel1_IRQHandler                 0x0800508f   Thumb Code   466  project.o(.text)
    ADCDispalyProcess                        0x08005261   Thumb Code    28  project.o(.text)
    GetRegisterAState                        0x0800527d   Thumb Code    24  project.o(.text)
    GetTotalADCValue                         0x08005295   Thumb Code    14  project.o(.text)
    Get_SA_Value                             0x080052a3   Thumb Code    16  project.o(.text)
    Get_SB_Value                             0x080052b3   Thumb Code    70  project.o(.text)
    Get_S1_Value                             0x080052f9   Thumb Code    16  project.o(.text)
    Get_S2_Value                             0x08005309   Thumb Code    16  project.o(.text)
    Dac1_Get_Vol                             0x08005319   Thumb Code     6  project.o(.text)
    PVD_IRQHandler                           0x0800531f   Thumb Code    34  project.o(.text)
    SetOUT2Status                            0x08005341   Thumb Code    60  project.o(.text)
    Test_Delay                               0x0800537d   Thumb Code    22  project.o(.text)
    ResetParameter                           0x08005393   Thumb Code   298  project.o(.text)
    ButtonMapping                            0x080054bd   Thumb Code   310  project.o(.text)
    DEL_Set                                  0x080055f3   Thumb Code   350  project.o(.text)
    DisplayModeFour                          0x08005751   Thumb Code     2  project.o(.text)
    DisplayModeTHIRD                         0x08005753   Thumb Code    26  project.o(.text)
    DisplayModeTWO                           0x0800576d   Thumb Code   102  project.o(.text)
    DisplayModeONE_STD                       0x080057d3   Thumb Code   368  project.o(.text)
    DisplayModeONE_AREA                      0x08005943   Thumb Code   848  project.o(.text)
    DisplayModeONE                           0x08005c93   Thumb Code    34  project.o(.text)
    DisplayMODE                              0x08005cb5   Thumb Code   376  project.o(.text)
    GetEEPROM                                0x08005e2d   Thumb Code   168  project.o(.text)
    Main_Function                            0x08005ed5   Thumb Code    58  project.o(.text)
    CheckDust                                0x08005f0f   Thumb Code    22  project.o(.text)
    SetRegisterA                             0x08005f25   Thumb Code   264  project.o(.text)
    SetOUT3Status                            0x0800602d   Thumb Code    24  project.o(.text)
    ShortCircuitProtection                   0x08006045   Thumb Code    62  project.o(.text)
    RCC_Configuration                        0x0800608d   Thumb Code    94  bsp_init.o(.text)
    SMG_GPIO_INIT                            0x080060eb   Thumb Code   508  bsp_init.o(.text)
    IO_GPIO_INIT                             0x080062e7   Thumb Code   132  bsp_init.o(.text)
    TIM4_init                                0x0800636b   Thumb Code   174  bsp_init.o(.text)
    TIM3_init                                0x08006419   Thumb Code   112  bsp_init.o(.text)
    TIM2_PWM_OUT_Init                        0x08006489   Thumb Code   212  bsp_init.o(.text)
    TIM2_init                                0x0800655d   Thumb Code   114  bsp_init.o(.text)
    TIM1_Init                                0x080065cf   Thumb Code   196  bsp_init.o(.text)
    ADC1_GPIO_Config                         0x08006693   Thumb Code    52  bsp_init.o(.text)
    ADC1_DMA1_Init                           0x080066c7   Thumb Code   128  bsp_init.o(.text)
    ADC1_Init                                0x08006747   Thumb Code   164  bsp_init.o(.text)
    ADC1_Configuration                       0x080067eb   Thumb Code    16  bsp_init.o(.text)
    DAC_GPIO_Init                            0x080067fb   Thumb Code    52  bsp_init.o(.text)
    DAC_OUT_Init                             0x0800682f   Thumb Code    58  bsp_init.o(.text)
    DAC_Configuration                        0x08006869   Thumb Code    12  bsp_init.o(.text)
    EXTI_Configuration                       0x08006875   Thumb Code    40  bsp_init.o(.text)
    NVIC_Configuration                       0x0800689d   Thumb Code    38  bsp_init.o(.text)
    PVD_init                                 0x080068c3   Thumb Code    26  bsp_init.o(.text)
    __use_two_region_memory                  0x080068f1   Thumb Code     2  heapauxi.o(.text)
    __rt_heap_escrow$2region                 0x080068f3   Thumb Code     2  heapauxi.o(.text)
    __rt_heap_expand$2region                 0x080068f5   Thumb Code     2  heapauxi.o(.text)
    __user_setup_stackheap                   0x080068f7   Thumb Code    74  sys_stackheap_outer.o(.text)
    exit                                     0x08006941   Thumb Code    12  exit.o(.text)
    __user_libspace                          0x0800694d   Thumb Code     8  libspace.o(.text)
    __user_perproc_libspace                  0x0800694d   Thumb Code     0  libspace.o(.text)
    __user_perthread_libspace                0x0800694d   Thumb Code     0  libspace.o(.text)
    _sys_exit                                0x08006955   Thumb Code     8  sys_exit.o(.text)
    __I$use$semihosting                      0x08006961   Thumb Code     0  use_no_semi.o(.text)
    __use_no_semihosting_swi                 0x08006961   Thumb Code     2  use_no_semi.o(.text)
    __semihosting_library_function           0x08006963   Thumb Code     0  indicate_semi.o(.text)
    __aeabi_fadd                             0x08006965   Thumb Code     0  faddsub_clz.o(x$fpl$fadd)
    _fadd                                    0x08006965   Thumb Code   196  faddsub_clz.o(x$fpl$fadd)
    __fpl_fcmp_Inf                           0x08006a29   Thumb Code    24  fcmpi.o(x$fpl$fcmpinf)
    __aeabi_f2iz                             0x08006a41   Thumb Code     0  ffix.o(x$fpl$ffix)
    _ffix                                    0x08006a41   Thumb Code    54  ffix.o(x$fpl$ffix)
    __aeabi_f2uiz                            0x08006a79   Thumb Code     0  ffixu.o(x$fpl$ffixu)
    _ffixu                                   0x08006a79   Thumb Code    62  ffixu.o(x$fpl$ffixu)
    __aeabi_i2f                              0x08006ab9   Thumb Code     0  fflt_clz.o(x$fpl$fflt)
    _fflt                                    0x08006ab9   Thumb Code    48  fflt_clz.o(x$fpl$fflt)
    __aeabi_cfcmple                          0x08006ae9   Thumb Code     0  fleqf.o(x$fpl$fleqf)
    _fcmple                                  0x08006ae9   Thumb Code   104  fleqf.o(x$fpl$fleqf)
    __fpl_fcmple_InfNaN                      0x08006b3b   Thumb Code     0  fleqf.o(x$fpl$fleqf)
    __fpl_fnaninf                            0x08006b51   Thumb Code   140  fnaninf.o(x$fpl$fnaninf)
    __fpl_fretinf                            0x08006bdd   Thumb Code    10  fretinf.o(x$fpl$fretinf)
    __aeabi_cfrcmple                         0x08006be7   Thumb Code     0  frleqf.o(x$fpl$frleqf)
    _frcmple                                 0x08006be7   Thumb Code    98  frleqf.o(x$fpl$frleqf)
    __aeabi_fsub                             0x08006c49   Thumb Code     0  faddsub_clz.o(x$fpl$fsub)
    _fsub                                    0x08006c49   Thumb Code   234  faddsub_clz.o(x$fpl$fsub)
    __I$use$fp                               0x08006d32   Number         0  usenofp.o(x$fpl$usenofp)
    data_SMG_bit_table                       0x08006d32   Data          18  display.o(.constdata)
    data_SMG_seg_table                       0x08006d44   Data          80  display.o(.constdata)
    Region$$Table$$Base                      0x08006d94   Number         0  anon$$obj.o(Region$$Table)
    Region$$Table$$Limit                     0x08006db4   Number         0  anon$$obj.o(Region$$Table)
    SystemCoreClock                          0x20000000   Data           4  system_stm32f10x.o(.data)
    AHBPrescTable                            0x20000004   Data          16  system_stm32f10x.o(.data)
    SMG_BIT                                  0x20000028   Data           1  display.o(.data)
    SMG_Data                                 0x20000034   Data           8  display.o(.data)
    PERCENTAGE                               0x2000003c   Data           1  menu.o(.data)
    DSC                                      0x2000003d   Data           1  menu.o(.data)
    DispalyNo                                0x2000003e   Data           1  menu.o(.data)
    FSV                                      0x2000004a   Data           2  menu.o(.data)
    ATT100                                   0x2000004c   Data           2  menu.o(.data)
    CSV                                      0x20000050   Data           4  menu.o(.data)
    SV                                       0x20000054   Data           4  menu.o(.data)
    OUT1_Mode                                0x20000058   Data           8  menu.o(.data)
    tempflashdata                            0x20000060   Data           4  flash.o(.data)
    selfDisplayEndFlay                       0x20000064   Data           1  selfstudy.o(.data)
    CalibrateS1Value                         0x20000068   Data           4  selfstudy.o(.data)
    CalibrateS2Value                         0x2000006c   Data           4  selfstudy.o(.data)
    NewThreshold                             0x20000070   Data           4  selfstudy.o(.data)
    S_MaxValue                               0x20000074   Data           4  selfstudy.o(.data)
    SA_MaxValue                              0x20000078   Data           4  selfstudy.o(.data)
    SB_MaxValue                              0x2000007c   Data           4  selfstudy.o(.data)
    CheckFLag                                0x20000080   Data           1  main.o(.data)
    Fml_CRC16                                0x20000082   Data           2  main.o(.data)
    ProgramCounter                           0x20000084   Data           4  main.o(.data)
    UID                                      0x20000088   Data           4  main.o(.data)
    C                                        0x2000008c   Data           4  main.o(.data)
    timenum                                  0x20000090   Data           4  main.o(.data)
    FormulaResult                            0x20000094   Data           4  main.o(.data)
    FormulaCheck                             0x20000098   Data           4  main.o(.data)
    UIDFlashResult                           0x2000009c   Data           4  main.o(.data)
    Fml_Constant                             0x200000a0   Data           4  main.o(.data)
    timeflag                                 0x200000a4   Data           1  project.o(.data)
    LastOUT1                                 0x200000a5   Data           1  project.o(.data)
    RegisterA                                0x200000a6   Data           1  project.o(.data)
    LastRegisterA                            0x200000a7   Data           1  project.o(.data)
    RegisterB                                0x200000a8   Data           1  project.o(.data)
    RegisterC                                0x200000a9   Data           1  project.o(.data)
    OUT1                                     0x200000aa   Data           1  project.o(.data)
    OUT2                                     0x200000ab   Data           1  project.o(.data)
    OUT3                                     0x200000ac   Data           1  project.o(.data)
    PVD_Flag                                 0x200000ad   Data           1  project.o(.data)
    KEY                                      0x200000ae   Data           1  project.o(.data)
    ConfirmShortCircuit                      0x200000af   Data           1  project.o(.data)
    KeyMappingFlag                           0x200000b0   Data           1  project.o(.data)
    ShortCircuit                             0x200000b1   Data           1  project.o(.data)
    displayModeONE_FLAG                      0x200000b2   Data           1  project.o(.data)
    DisplayModeNo                            0x200000b3   Data           1  project.o(.data)
    SX_Index                                 0x200000b4   Data           1  project.o(.data)
    sample_finish                            0x200000b5   Data           1  project.o(.data)
    SHOTflag                                 0x200000b6   Data           1  project.o(.data)
    LastDSC                                  0x200000bb   Data           1  project.o(.data)
    DEL                                      0x200000bc   Data           2  project.o(.data)
    HI                                       0x200000be   Data           2  project.o(.data)
    LO                                       0x200000c0   Data           2  project.o(.data)
    OUT2_TimerCounter                        0x200000c2   Data           2  project.o(.data)
    OUT3_TimerCounter                        0x200000c4   Data           2  project.o(.data)
    Threshold                                0x200000c6   Data           2  project.o(.data)
    DX                                       0x200000c8   Data           2  project.o(.data)
    S1024_Index                              0x200000ca   Data           2  project.o(.data)
    DealyBaseTime                            0x200000d4   Data           4  project.o(.data)
    ADC_Display                              0x200000d8   Data           4  project.o(.data)
    DACOUT1                                  0x200000dc   Data           4  project.o(.data)
    DACOUT2                                  0x200000e0   Data           4  project.o(.data)
    CPV                                      0x200000e4   Data           4  project.o(.data)
    ShortCircuitCounter                      0x200000e8   Data           4  project.o(.data)
    ShortCircuitLastTime                     0x200000ec   Data           4  project.o(.data)
    ShortCircuitTimer                        0x200000f0   Data           4  project.o(.data)
    S1_Sum                                   0x200000f4   Data           4  project.o(.data)
    S2_Sum                                   0x200000f8   Data           4  project.o(.data)
    SA_Sum                                   0x200000fc   Data           4  project.o(.data)
    SB_Sum                                   0x20000100   Data           4  project.o(.data)
    S1_Final                                 0x20000104   Data           4  project.o(.data)
    S2_Final                                 0x20000108   Data           4  project.o(.data)
    SA_Final                                 0x2000010c   Data           4  project.o(.data)
    SB_Final                                 0x20000110   Data           4  project.o(.data)
    S_Total_Final                            0x20000114   Data           4  project.o(.data)
    S_SET                                    0x20000118   Data           4  project.o(.data)
    TX                                       0x2000011c   Data           4  project.o(.data)
    S1024                                    0x20000120   Data           4  project.o(.data)
    S1024_Sum                                0x20000124   Data           4  project.o(.data)
    tempPress                                0x20000128   Data           4  project.o(.data)
    EventFlag                                0x2000012c   Data           1  project.o(.data)
    DX_Flag                                  0x2000012d   Data           1  project.o(.data)
    SMG_data_Decode_table                    0x20000130   Data           9  display.o(.bss)
    SetButton                                0x2000013c   Data          32  key.o(.bss)
    ModeButton                               0x2000015c   Data          32  key.o(.bss)
    UpButton                                 0x2000017c   Data          32  key.o(.bss)
    DownButton                               0x2000019c   Data          32  key.o(.bss)
    SysClock                                 0x200001bc   Data          20  main.o(.bss)
    D                                        0x200001d0   Data          12  main.o(.bss)
    SX_Final                                 0x200001dc   Data         128  project.o(.bss)
    adc_dma_tab                              0x2000025c   Data          32  bsp_init.o(.bss)
    __libspace_start                         0x2000027c   Data          96  libspace.o(.bss)
    __temporary_stack_top$libspace           0x200002dc   Data           0  libspace.o(.bss)



==============================================================================

Memory Map of the image

  Image Entry point : 0x080000ed

  Load Region LR_IROM1 (Base: 0x08000000, Size: 0x00006ee4, Max: 0x00010000, ABSOLUTE, COMPRESSED[0x00006e04])

    Execution Region ER_IROM1 (Base: 0x08000000, Size: 0x00006db4, Max: 0x00010000, ABSOLUTE)

    Base Addr    Size         Type   Attr      Idx    E Section Name        Object

    0x08000000   0x000000ec   Data   RO           59    RESET               startup_stm32f10x_md.o
    0x080000ec   0x00000008   Code   RO          556  * !!!main             c_w.l(__main.o)
    0x080000f4   0x00000034   Code   RO          745    !!!scatter          c_w.l(__scatter.o)
    0x08000128   0x0000005a   Code   RO          743    !!dczerorl2         c_w.l(__dczerorl2.o)
    0x08000182   0x00000002   PAD
    0x08000184   0x0000001c   Code   RO          747    !!handler_zi        c_w.l(__scatter_zi.o)
    0x080001a0   0x00000002   Code   RO          614    .ARM.Collect$$libinit$$00000000  c_w.l(libinit.o)
    0x080001a2   0x00000000   Code   RO          621    .ARM.Collect$$libinit$$00000002  c_w.l(libinit2.o)
    0x080001a2   0x00000000   Code   RO          623    .ARM.Collect$$libinit$$00000004  c_w.l(libinit2.o)
    0x080001a2   0x00000000   Code   RO          626    .ARM.Collect$$libinit$$0000000A  c_w.l(libinit2.o)
    0x080001a2   0x00000000   Code   RO          628    .ARM.Collect$$libinit$$0000000C  c_w.l(libinit2.o)
    0x080001a2   0x00000000   Code   RO          630    .ARM.Collect$$libinit$$0000000E  c_w.l(libinit2.o)
    0x080001a2   0x00000000   Code   RO          633    .ARM.Collect$$libinit$$00000011  c_w.l(libinit2.o)
    0x080001a2   0x00000000   Code   RO          635    .ARM.Collect$$libinit$$00000013  c_w.l(libinit2.o)
    0x080001a2   0x00000000   Code   RO          637    .ARM.Collect$$libinit$$00000015  c_w.l(libinit2.o)
    0x080001a2   0x00000000   Code   RO          639    .ARM.Collect$$libinit$$00000017  c_w.l(libinit2.o)
    0x080001a2   0x00000000   Code   RO          641    .ARM.Collect$$libinit$$00000019  c_w.l(libinit2.o)
    0x080001a2   0x00000000   Code   RO          643    .ARM.Collect$$libinit$$0000001B  c_w.l(libinit2.o)
    0x080001a2   0x00000000   Code   RO          645    .ARM.Collect$$libinit$$0000001D  c_w.l(libinit2.o)
    0x080001a2   0x00000000   Code   RO          647    .ARM.Collect$$libinit$$0000001F  c_w.l(libinit2.o)
    0x080001a2   0x00000000   Code   RO          649    .ARM.Collect$$libinit$$00000021  c_w.l(libinit2.o)
    0x080001a2   0x00000000   Code   RO          651    .ARM.Collect$$libinit$$00000023  c_w.l(libinit2.o)
    0x080001a2   0x00000000   Code   RO          653    .ARM.Collect$$libinit$$00000025  c_w.l(libinit2.o)
    0x080001a2   0x00000000   Code   RO          657    .ARM.Collect$$libinit$$0000002C  c_w.l(libinit2.o)
    0x080001a2   0x00000000   Code   RO          659    .ARM.Collect$$libinit$$0000002E  c_w.l(libinit2.o)
    0x080001a2   0x00000000   Code   RO          661    .ARM.Collect$$libinit$$00000030  c_w.l(libinit2.o)
    0x080001a2   0x00000000   Code   RO          663    .ARM.Collect$$libinit$$00000032  c_w.l(libinit2.o)
    0x080001a2   0x00000002   Code   RO          664    .ARM.Collect$$libinit$$00000033  c_w.l(libinit2.o)
    0x080001a4   0x00000002   Code   RO          684    .ARM.Collect$$libshutdown$$00000000  c_w.l(libshutdown.o)
    0x080001a6   0x00000000   Code   RO          698    .ARM.Collect$$libshutdown$$00000003  c_w.l(libshutdown2.o)
    0x080001a6   0x00000000   Code   RO          701    .ARM.Collect$$libshutdown$$00000006  c_w.l(libshutdown2.o)
    0x080001a6   0x00000000   Code   RO          704    .ARM.Collect$$libshutdown$$00000009  c_w.l(libshutdown2.o)
    0x080001a6   0x00000000   Code   RO          706    .ARM.Collect$$libshutdown$$0000000B  c_w.l(libshutdown2.o)
    0x080001a6   0x00000000   Code   RO          709    .ARM.Collect$$libshutdown$$0000000E  c_w.l(libshutdown2.o)
    0x080001a6   0x00000002   Code   RO          710    .ARM.Collect$$libshutdown$$0000000F  c_w.l(libshutdown2.o)
    0x080001a8   0x00000000   Code   RO          582    .ARM.Collect$$rtentry$$00000000  c_w.l(__rtentry.o)
    0x080001a8   0x00000000   Code   RO          591    .ARM.Collect$$rtentry$$00000002  c_w.l(__rtentry2.o)
    0x080001a8   0x00000006   Code   RO          603    .ARM.Collect$$rtentry$$00000004  c_w.l(__rtentry4.o)
    0x080001ae   0x00000000   Code   RO          593    .ARM.Collect$$rtentry$$00000009  c_w.l(__rtentry2.o)
    0x080001ae   0x00000004   Code   RO          594    .ARM.Collect$$rtentry$$0000000A  c_w.l(__rtentry2.o)
    0x080001b2   0x00000000   Code   RO          596    .ARM.Collect$$rtentry$$0000000C  c_w.l(__rtentry2.o)
    0x080001b2   0x00000008   Code   RO          597    .ARM.Collect$$rtentry$$0000000D  c_w.l(__rtentry2.o)
    0x080001ba   0x00000002   Code   RO          618    .ARM.Collect$$rtexit$$00000000  c_w.l(rtexit.o)
    0x080001bc   0x00000000   Code   RO          666    .ARM.Collect$$rtexit$$00000002  c_w.l(rtexit2.o)
    0x080001bc   0x00000004   Code   RO          667    .ARM.Collect$$rtexit$$00000003  c_w.l(rtexit2.o)
    0x080001c0   0x00000006   Code   RO          668    .ARM.Collect$$rtexit$$00000004  c_w.l(rtexit2.o)
    0x080001c6   0x00000002   PAD
    0x080001c8   0x00000140   Code   RO           17    .text               system_stm32f10x.o
    0x08000308   0x00000040   Code   RO           60    .text               startup_stm32f10x_md.o
    0x08000348   0x000002d8   Code   RO           64    .text               stm32f10x_rcc.o
    0x08000620   0x00000328   Code   RO           82    .text               stm32f10x_usart.o
    0x08000948   0x0000026c   Code   RO           94    .text               stm32f10x_gpio.o
    0x08000bb4   0x000000b0   Code   RO          106    .text               misc.o
    0x08000c64   0x0000047c   Code   RO          118    .text               stm32f10x_flash.o
    0x080010e0   0x00000af4   Code   RO          134    .text               stm32f10x_tim.o
    0x08001bd4   0x00000330   Code   RO          150    .text               stm32f10x_adc.o
    0x08001f04   0x000001c8   Code   RO          165    .text               stm32f10x_dma.o
    0x080020cc   0x00000154   Code   RO          180    .text               stm32f10x_dac.o
    0x08002220   0x000000e8   Code   RO          195    .text               stm32f10x_exti.o
    0x08002308   0x0000003c   Code   RO          210    .text               stm32f10x_iwdg.o
    0x08002344   0x000000ac   Code   RO          225    .text               stm32f10x_pwr.o
    0x080023f0   0x00000016   Code   RO          280    .text               stm32f10x_it.o
    0x08002406   0x00000002   PAD
    0x08002408   0x000010a0   Code   RO          299    .text               display.o
    0x080034a8   0x00000284   Code   RO          332    .text               key.o
    0x0800372c   0x00000fbc   Code   RO          353    .text               menu.o
    0x080046e8   0x0000012c   Code   RO          386    .text               flash.o
    0x08004814   0x00000304   Code   RO          413    .text               selfstudy.o
    0x08004b18   0x00000340   Code   RO          442    .text               main.o
    0x08004e58   0x00001234   Code   RO          473    .text               project.o
    0x0800608c   0x00000864   Code   RO          530    .text               bsp_init.o
    0x080068f0   0x00000006   Code   RO          554    .text               c_w.l(heapauxi.o)
    0x080068f6   0x0000004a   Code   RO          605    .text               c_w.l(sys_stackheap_outer.o)
    0x08006940   0x0000000c   Code   RO          607    .text               c_w.l(exit.o)
    0x0800694c   0x00000008   Code   RO          615    .text               c_w.l(libspace.o)
    0x08006954   0x0000000c   Code   RO          676    .text               c_w.l(sys_exit.o)
    0x08006960   0x00000002   Code   RO          687    .text               c_w.l(use_no_semi.o)
    0x08006962   0x00000000   Code   RO          689    .text               c_w.l(indicate_semi.o)
    0x08006962   0x00000002   PAD
    0x08006964   0x000000c4   Code   RO          558    x$fpl$fadd          fz_ws.l(faddsub_clz.o)
    0x08006a28   0x00000018   Code   RO          583    x$fpl$fcmpinf       fz_ws.l(fcmpi.o)
    0x08006a40   0x00000036   Code   RO          564    x$fpl$ffix          fz_ws.l(ffix.o)
    0x08006a76   0x00000002   PAD
    0x08006a78   0x0000003e   Code   RO          568    x$fpl$ffixu         fz_ws.l(ffixu.o)
    0x08006ab6   0x00000002   PAD
    0x08006ab8   0x00000030   Code   RO          573    x$fpl$fflt          fz_ws.l(fflt_clz.o)
    0x08006ae8   0x00000068   Code   RO          578    x$fpl$fleqf         fz_ws.l(fleqf.o)
    0x08006b50   0x0000008c   Code   RO          585    x$fpl$fnaninf       fz_ws.l(fnaninf.o)
    0x08006bdc   0x0000000a   Code   RO          587    x$fpl$fretinf       fz_ws.l(fretinf.o)
    0x08006be6   0x00000062   Code   RO          580    x$fpl$frleqf        fz_ws.l(frleqf.o)
    0x08006c48   0x000000ea   Code   RO          560    x$fpl$fsub          fz_ws.l(faddsub_clz.o)
    0x08006d32   0x00000000   Code   RO          589    x$fpl$usenofp       fz_ws.l(usenofp.o)
    0x08006d32   0x00000062   Data   RO          301    .constdata          display.o
    0x08006d94   0x00000020   Data   RO          741    Region$$Table       anon$$obj.o


    Execution Region RW_IRAM1 (Base: 0x20000000, Size: 0x000008e0, Max: 0x00002000, ABSOLUTE, COMPRESSED[0x00000050])

    Base Addr    Size         Type   Attr      Idx    E Section Name        Object

    0x20000000   0x00000014   Data   RW           18    .data               system_stm32f10x.o
    0x20000014   0x00000014   Data   RW           65    .data               stm32f10x_rcc.o
    0x20000028   0x00000014   Data   RW          302    .data               display.o
    0x2000003c   0x00000024   Data   RW          354    .data               menu.o
    0x20000060   0x00000004   Data   RW          398    .data               flash.o
    0x20000064   0x0000001c   Data   RW          416    .data               selfstudy.o
    0x20000080   0x00000020   Data   RW          444    .data               main.o
    0x200000a0   0x00000004   Data   RW          446    .data               main.o
    0x200000a4   0x00000088   Data   RW          481    .data               project.o
    0x2000012c   0x00000001   Data   RW          485    .data               project.o
    0x2000012d   0x00000001   Data   RW          496    .data               project.o
    0x2000012e   0x00000002   PAD
    0x20000130   0x00000009   Zero   RW          300    .bss                display.o
    0x20000139   0x00000003   PAD
    0x2000013c   0x00000080   Zero   RW          333    .bss                key.o
    0x200001bc   0x00000020   Zero   RW          443    .bss                main.o
    0x200001dc   0x00000080   Zero   RW          477    .bss                project.o
    0x2000025c   0x00000020   Zero   RW          531    .bss                bsp_init.o
    0x2000027c   0x00000060   Zero   RW          616    .bss                c_w.l(libspace.o)
    0x200002dc   0x00000004   PAD
    0x200002e0   0x00000200   Zero   RW           58    HEAP                startup_stm32f10x_md.o
    0x200004e0   0x00000400   Zero   RW           57    STACK               startup_stm32f10x_md.o


==============================================================================

Image component sizes


      Code (inc. data)   RO Data    RW Data    ZI Data      Debug   Object Name

      2148         48          0          0         32       5474   bsp_init.o
         0          0          0          0          0       4536   core_cm3.o
      4256         74         98         20          9      16626   display.o
       300         62          0          4          0       2694   flash.o
       644         10          0          0        128       3293   key.o
       832         78          0         36         32       5892   main.o
      4028        146          0         36          0       9016   menu.o
       176         14          0          0          0       1801   misc.o
      4660        304          0        138        128      16276   project.o
       772         82          0         28          0       3227   selfstudy.o
        64         26        236          0       1536        912   startup_stm32f10x_md.o
       816         24          0          0          0      18693   stm32f10x_adc.o
       340          4          0          0          0       9245   stm32f10x_dac.o
       456         10          0          0          0      14134   stm32f10x_dma.o
       232          8          0          0          0       4495   stm32f10x_exti.o
      1148         22          0          0          0      14548   stm32f10x_flash.o
       620         36          0          0          0       5065   stm32f10x_gpio.o
        22          0          0          0          0       1411   stm32f10x_it.o
        60          6          0          0          0       1241   stm32f10x_iwdg.o
       172         12          0          0          0       1823   stm32f10x_pwr.o
       728         38          0         20          0       8534   stm32f10x_rcc.o
      2804         86          0          0          0      38726   stm32f10x_tim.o
       808         22          0          0          0       7400   stm32f10x_usart.o
       320         30          0         20          0     232035   system_stm32f10x.o

    ----------------------------------------------------------------------
     26408       1142        366        304       1868     427097   Object Totals
         0          0         32          0          0          0   (incl. Generated)
         2          0          0          2          3          0   (incl. Padding)

    ----------------------------------------------------------------------

      Code (inc. data)   RO Data    RW Data    ZI Data      Debug   Library Member Name

        90          0          0          0          0          0   __dczerorl2.o
         8          0          0          0          0         68   __main.o
         0          0          0          0          0          0   __rtentry.o
        12          0          0          0          0          0   __rtentry2.o
         6          0          0          0          0          0   __rtentry4.o
        52          8          0          0          0          0   __scatter.o
        28          0          0          0          0          0   __scatter_zi.o
        12          0          0          0          0         72   exit.o
         6          0          0          0          0        152   heapauxi.o
         0          0          0          0          0          0   indicate_semi.o
         2          0          0          0          0          0   libinit.o
         2          0          0          0          0          0   libinit2.o
         2          0          0          0          0          0   libshutdown.o
         2          0          0          0          0          0   libshutdown2.o
         8          4          0          0         96         68   libspace.o
         2          0          0          0          0          0   rtexit.o
        10          0          0          0          0          0   rtexit2.o
        12          4          0          0          0         68   sys_exit.o
        74          0          0          0          0         80   sys_stackheap_outer.o
         2          0          0          0          0         68   use_no_semi.o
       430          8          0          0          0        168   faddsub_clz.o
        24          0          0          0          0         68   fcmpi.o
        54          4          0          0          0         84   ffix.o
        62          4          0          0          0         84   ffixu.o
        48          0          0          0          0         68   fflt_clz.o
       104          4          0          0          0         84   fleqf.o
       140          4          0          0          0         84   fnaninf.o
        10          0          0          0          0         68   fretinf.o
        98          0          0          0          0         68   frleqf.o
         0          0          0          0          0          0   usenofp.o

    ----------------------------------------------------------------------
      1310         40          0          0        100       1352   Library Totals
        10          0          0          0          4          0   (incl. Padding)

    ----------------------------------------------------------------------

      Code (inc. data)   RO Data    RW Data    ZI Data      Debug   Library Name

       330         16          0          0         96        576   c_w.l
       970         24          0          0          0        776   fz_ws.l

    ----------------------------------------------------------------------
      1310         40          0          0        100       1352   Library Totals

    ----------------------------------------------------------------------

==============================================================================


      Code (inc. data)   RO Data    RW Data    ZI Data      Debug   

     27718       1182        366        304       1968     424233   Grand Totals
     27718       1182        366         80       1968     424233   ELF Image Totals (compressed)
     27718       1182        366         80          0          0   ROM Totals

==============================================================================

    Total RO  Size (Code + RO Data)                28084 (  27.43kB)
    Total RW  Size (RW Data + ZI Data)              2272 (   2.22kB)
    Total ROM Size (Code + RO Data + RW Data)      28164 (  27.50kB)

==============================================================================

